******************************************************************************
                  TI ARM Linker Unix v20.2.1                   
******************************************************************************
>> Linked Thu Apr 29 17:40:21 2021

OUTPUT FILE NAME:   <Petfedder.out>
ENTRY POINT SYMBOL: "_c_int00_noargs"  address: 000049b1


MEMORY CONFIGURATION

         name            origin    length      used     unused   attr    fill
----------------------  --------  ---------  --------  --------  ----  --------
  FLASH                 00000000   00040000  00004c7c  0003b384  R  X
  SRAM                  20000000   00008000  00001294  00006d6c  RW X


SEGMENT ALLOCATION MAP

run origin  load origin   length   init length attrs members
----------  ----------- ---------- ----------- ----- -------
00000000    00000000    00004c80   00004c80    r-x
  00000000    00000000    0000026c   0000026c    r-- .intvecs
  0000026c    0000026c    000048b4   000048b4    r-x .text
  00004b20    00004b20    00000114   00000114    r-- .const
  00004c38    00004c38    00000048   00000048    r-- .cinit
20000000    20000000    00001297   00000000    rw-
  20000000    20000000    00001000   00000000    rw- .stack
  20001000    20001000    00000239   00000000    rw- .bss
  2000123c    2000123c    0000005b   00000000    rw- .data


SECTION ALLOCATION MAP

 output                                  attributes/
section   page    origin      length       input sections
--------  ----  ----------  ----------   ----------------
.intvecs   0    00000000    0000026c     
                  00000000    0000026c     tm4c123gh6pm_startup_ccs.obj (.intvecs)

.text      0    0000026c    000048b4     
                  0000026c    00000adc     network.obj (.text)
                  00000d48    00000a4e     rtsv7M4_T_le_v4SPD16_eabi.lib : _printfi.c.obj (.text:__TI_printfi)
                  00001796    00000002                                   : div0.asm.obj (.text)
                  00001798    000007c0     gpio.obj (.text)
                  00001f58    000004ec     main.obj (.text)
                  00002444    000004ae     common_terminal_interface.obj (.text)
                  000028f2    00000478     protocol.obj (.text)
                  00002d6a    00000002     --HOLE-- [fill = 0]
                  00002d6c    00000344     nrf24l01.obj (.text)
                  000030b0    00000270     rtsv7M4_T_le_v4SPD16_eabi.lib : _printfi.c.obj (.text:_pconv_a)
                  00003320    000001d0                                   : _printfi.c.obj (.text:_pconv_g)
                  000034f0    000001b6                                   : fd_add_t2.asm.obj (.text)
                  000036a6    00000002     --HOLE-- [fill = 0]
                  000036a8    00000168     uart0.obj (.text)
                  00003810    0000015c     spi1.obj (.text)
                  0000396c    0000013c     rtsv7M4_T_le_v4SPD16_eabi.lib : _printfi.c.obj (.text:_pconv_e)
                  00003aa8    00000136                                   : fd_div_t2.asm.obj (.text)
                  00003bde    00000002     --HOLE-- [fill = 0]
                  00003be0    00000124                                   : _printfi.c.obj (.text:fcvt)
                  00003d04    00000120     device.obj (.text)
                  00003e24    00000110     rtsv7M4_T_le_v4SPD16_eabi.lib : s_scalbn.c.obj (.text:scalbn)
                  00003f34    00000108     messageQueue.obj (.text)
                  0000403c    000000fc     rtsv7M4_T_le_v4SPD16_eabi.lib : fd_mul_t2.asm.obj (.text)
                  00004138    000000b8     eeprom.obj (.text)
                  000041f0    000000b1     rtsv7M4_T_le_v4SPD16_eabi.lib : _printfi.c.obj (.text:_ltostr)
                  000042a1    00000001     --HOLE-- [fill = 0]
                  000042a2    0000009c                                   : memcpy_t2.asm.obj (.text)
                  0000433e    00000096                                   : ull_div_t2.asm.obj (.text)
                  000043d4    00000088     timer0.obj (.text)
                  0000445c    00000086     rtsv7M4_T_le_v4SPD16_eabi.lib : fd_cmp_t2.asm.obj (.text:__aeabi_cdcmple)
                  000044e2    00000086                                   : fd_cmp_t2.asm.obj (.text:__aeabi_cdrcmple)
                  00004568    0000007a                                   : memset_t2.asm.obj (.text)
                  000045e2    0000006e                                   : _printfi.c.obj (.text:_mcpy)
                  00004650    00000068                                   : copy_decompress_lzss.c.obj (.text:decompress:lzss:__TI_decompress_lzss)
                  000046b8    00000064                                   : s_frexp.c.obj (.text:frexp)
                  0000471c    00000056                                   : _printfi.c.obj (.text:_pconv_f)
                  00004772    00000054                                   : _ltoa.c.obj (.text:__TI_ltoa)
                  000047c6    00000052                                   : _printfi.c.obj (.text:_ecpy)
                  00004818    0000004c                                   : atoi.c.obj (.text:atoi)
                  00004864    00000048                                   : fd_toi_t2.asm.obj (.text)
                  000048ac    00000044                                   : autoinit.c.obj (.text:__TI_auto_init_nobinit_nopinit:__TI_auto_init_nobinit_nopinit)
                  000048f0    00000040     joinNetwork.obj (.text)
                  00004930    00000040     rtsv7M4_T_le_v4SPD16_eabi.lib : sprintf.c.obj (.text:sprintf)
                  00004970    0000003e                                   : _printfi.c.obj (.text:_fcpy)
                  000049ae    00000002     --HOLE-- [fill = 0]
                  000049b0    00000034                                   : boot_cortex_m.c.obj (.text:_c_int00_noargs:_c_int00_noargs)
                  000049e4    0000002e                                   : i_tofd_t2.asm.obj (.text)
                  00004a12    00000024     wait.obj (.text)
                  00004a36    0000001c     rtsv7M4_T_le_v4SPD16_eabi.lib : copy_zero_init.c.obj (.text:decompress:ZI:__TI_zero_init_nomemset:__TI_zero_init_nomemset)
                  00004a52    0000001c                                   : memccpy.c.obj (.text:memccpy)
                  00004a6e    0000001a                                   : s_copysign.c.obj (.text:copysign)
                  00004a88    00000018                                   : sprintf.c.obj (.text:_outs)
                  00004aa0    00000016                                   : strchr.c.obj (.text:strchr)
                  00004ab6    00000014                                   : strlen.c.obj (.text:strlen)
                  00004aca    00000012                                   : wcslen.c.obj (.text:wcslen)
                  00004adc    00000010     clock.obj (.text)
                  00004aec    0000000e     rtsv7M4_T_le_v4SPD16_eabi.lib : copy_decompress_none.c.obj (.text:decompress:none:__TI_decompress_none)
                  00004afa    0000000c     tm4c123gh6pm_startup_ccs.obj (.text)
                  00004b06    0000000a     rtsv7M4_T_le_v4SPD16_eabi.lib : sprintf.c.obj (.text:_outc)
                  00004b10    00000008                                   : errno.c.obj (.text:__aeabi_errno_addr)
                  00004b18    00000004                                   : pre_init.c.obj (.text:_system_pre_init)
                  00004b1c    00000004                                   : exit.c.obj (.text:abort:abort)

.const     0    00004b20    00000114     
                  00004b20    00000101     rtsv7M4_T_le_v4SPD16_eabi.lib : ctype.c.obj (.const:.string:_ctypes_)
                  00004c21    00000002     network.obj (.const:$P$T0$1)
                  00004c23    00000001     --HOLE-- [fill = 0]
                  00004c24    00000006     network.obj (.const:.string)
                  00004c2a    00000002     network.obj (.const:$P$T1$2)
                  00004c2c    00000002     network.obj (.const:$P$T2$3)
                  00004c2e    00000002     network.obj (.const:$P$T3$4)
                  00004c30    00000002     network.obj (.const:$P$T4$5)
                  00004c32    00000002     network.obj (.const:$P$T5$6)

.cinit     0    00004c38    00000048     
                  00004c38    00000021     (.cinit..data.load) [load image, compression = lzss]
                  00004c59    00000003     --HOLE-- [fill = 0]
                  00004c5c    0000000c     (__TI_handler_table)
                  00004c68    00000008     (.cinit..bss.load) [load image, compression = zero_init]
                  00004c70    00000010     (__TI_cinit_table)

.init_array 
*          0    00000000    00000000     UNINITIALIZED

.bss       0    20001000    00000239     UNINITIALIZED
                  20001000    00000080     (.common:devCapsData)
                  20001080    00000080     (.common:deviceDataBuffer)
                  20001100    00000080     (.common:out)
                  20001180    00000080     (.common:packet)
                  20001200    00000014     (.common:bindTable)
                  20001214    00000014     (.common:messageQueue)
                  20001228    0000000c     (.common:devices)
                  20001234    00000004     (.common:pushDataReceiveCallback)
                  20001238    00000001     (.common:volume)

.data      0    2000123c    0000005b     UNINITIALIZED
                  2000123c    00000028     network.obj (.data:topicNames)
                  20001264    00000010     network.obj (.data:slottedTimes)
                  20001274    0000000e     network.obj (.data)
                  20001282    00000002     common_terminal_interface.obj (.data)
                  20001284    00000008     main.obj (.data)
                  2000128c    00000004     device.obj (.data)
                  20001290    00000004     rtsv7M4_T_le_v4SPD16_eabi.lib : errno.c.obj (.data)
                  20001294    00000002     messageQueue.obj (.data)
                  20001296    00000001     network.obj (.data:topicIds)

.stack     0    20000000    00001000     UNINITIALIZED
                  20000000    00000004     rtsv7M4_T_le_v4SPD16_eabi.lib : boot_cortex_m.c.obj (.stack)
                  20000004    00000ffc     --HOLE--

__llvm_prf_cnts 
*          0    20000000    00000000     UNINITIALIZED

MODULE SUMMARY

       Module                          code    ro data   rw data
       ------                          ----    -------   -------
    ./
       network.obj                     2780    18        607    
       gpio.obj                        1984    0         0      
       main.obj                        1260    0         9      
       common_terminal_interface.obj   1198    0         2      
       protocol.obj                    1144    0         0      
       nrf24l01.obj                    836     0         0      
       tm4c123gh6pm_startup_ccs.obj    12      620       0      
       uart0.obj                       360     0         0      
       spi1.obj                        348     0         0      
       device.obj                      288     0         16     
       messageQueue.obj                264     0         22     
       eeprom.obj                      184     0         0      
       timer0.obj                      136     0         0      
       joinNetwork.obj                 64      0         0      
       wait.obj                        36      0         0      
       clock.obj                       16      0         0      
    +--+-------------------------------+-------+---------+---------+
       Total:                          10910   638       656    
                                                                
    /Applications/ti/ccs1011/ccs/tools/compiler/ti-cgt-arm_20.2.1.LTS/lib/rtsv7M4_T_le_v4SPD16_eabi.lib
       _printfi.c.obj                  4851    0         0      
       fd_add_t2.asm.obj               438     0         0      
       fd_div_t2.asm.obj               310     0         0      
       s_scalbn.c.obj                  272     0         0      
       fd_cmp_t2.asm.obj               268     0         0      
       ctype.c.obj                     0       257       0      
       fd_mul_t2.asm.obj               252     0         0      
       memcpy_t2.asm.obj               156     0         0      
       ull_div_t2.asm.obj              150     0         0      
       memset_t2.asm.obj               122     0         0      
       copy_decompress_lzss.c.obj      104     0         0      
       s_frexp.c.obj                   100     0         0      
       sprintf.c.obj                   98      0         0      
       _ltoa.c.obj                     84      0         0      
       atoi.c.obj                      76      0         0      
       fd_toi_t2.asm.obj               72      0         0      
       autoinit.c.obj                  68      0         0      
       boot_cortex_m.c.obj             52      0         0      
       i_tofd_t2.asm.obj               46      0         0      
       copy_zero_init.c.obj            28      0         0      
       memccpy.c.obj                   28      0         0      
       s_copysign.c.obj                26      0         0      
       strchr.c.obj                    22      0         0      
       strlen.c.obj                    20      0         0      
       wcslen.c.obj                    18      0         0      
       copy_decompress_none.c.obj      14      0         0      
       errno.c.obj                     8       0         4      
       exit.c.obj                      4       0         0      
       pre_init.c.obj                  4       0         0      
       div0.asm.obj                    2       0         0      
    +--+-------------------------------+-------+---------+---------+
       Total:                          7693    257       4      
                                                                
       Stack:                          0       0         4096   
       Linker Generated:               0       69        0      
    +--+-------------------------------+-------+---------+---------+
       Grand Total:                    18603   964       4756   


LINKER GENERATED COPY TABLES

__TI_cinit_table @ 00004c70 records: 2, size/record: 8, table size: 16
	.data: load addr=00004c38, load size=00000021 bytes, run addr=2000123c, run size=0000005b bytes, compression=lzss
	.bss: load addr=00004c68, load size=00000008 bytes, run addr=20001000, run size=00000239 bytes, compression=zero_init


LINKER GENERATED HANDLER TABLE

__TI_handler_table @ 00004c5c records: 3, size/record: 4, table size: 12
	index: 0, handler: __TI_decompress_lzss
	index: 1, handler: __TI_decompress_none
	index: 2, handler: __TI_zero_init


GLOBAL SYMBOLS: SORTED ALPHABETICALLY BY Name 

address   name                          
-------   ----                          
00004b1d  C$$EXIT                       
00004afb  ResetISR                      
000020c9  Timer1ISR                     
20001000  __STACK_END                   
00001000  __STACK_SIZE                  
20000200  __STACK_TOP                   
00004c70  __TI_CINIT_Base               
00004c80  __TI_CINIT_Limit              
00004c5c  __TI_Handler_Table_Base       
00004c68  __TI_Handler_Table_Limit      
000048ad  __TI_auto_init_nobinit_nopinit
00004651  __TI_decompress_lzss          
00004aed  __TI_decompress_none          
00004773  __TI_ltoa                     
ffffffff  __TI_pprof_out_hndl           
00000d49  __TI_printfi                  
ffffffff  __TI_prof_data_size           
ffffffff  __TI_prof_data_start          
00000000  __TI_static_base__            
00004a37  __TI_zero_init_nomemset       
0000445d  __aeabi_cdcmpeq               
0000445d  __aeabi_cdcmple               
000044e3  __aeabi_cdrcmple              
00004865  __aeabi_d2iz                  
000034fb  __aeabi_dadd                  
00003aa9  __aeabi_ddiv                  
0000403d  __aeabi_dmul                  
000034f1  __aeabi_dsub                  
00004b11  __aeabi_errno_addr            
000049e5  __aeabi_i2d                   
00001797  __aeabi_idiv0                 
00001797  __aeabi_ldiv0                 
00004569  __aeabi_memclr                
00004569  __aeabi_memclr4               
00004569  __aeabi_memclr8               
000042a3  __aeabi_memcpy                
000042a3  __aeabi_memcpy4               
000042a3  __aeabi_memcpy8               
0000456b  __aeabi_memset                
0000456b  __aeabi_memset4               
0000456b  __aeabi_memset8               
0000433f  __aeabi_uldivmod              
ffffffff  __binit__                     
ffffffff  __c_args__                    
UNDEFED   __mpu_init                    
20000000  __stack                       
20000000  __start___llvm_prf_cnts       
20000000  __stop___llvm_prf_cnts        
000049b1  _c_int00_noargs               
00004b20  _ctypes_                      
UNDEFED   _system_post_cinit            
00004b19  _system_pre_init              
00004b1d  abort                         
20001276  accessSlot                    
00003ddd  addDevice                     
00002a3f  assembleDevCaps               
00003d6d  assignDeviceSlot              
00004819  atoi                          
20001275  backoffCounter                
20001281  bindIndex                     
20001200  bindTable                     
ffffffff  binit                         
2000127a  bridgeMode                    
00000477  bridgeReceivePushData         
00002d7b  chipDisable                   
00002d6d  chipEnable                    
00004435  clearTimer0InterruptFlag      
00000665  commsReceive                  
00004a6f  copysign                      
00004a6f  copysignl                     
20001288  count                         
2000128f  currentDeviceTimeSlot         
2000127c  dataReceivedIndex             
20001000  devCapsData                   
20001080  deviceDataBuffer              
2000127f  deviceDataLength              
00003db5  deviceExists                  
2000128c  deviceId                      
2000128d  deviceIndex                   
00003d75  deviceSlotIsAssigned          
20001228  devices                       
00001dc9  disablePinInterrupt           
00001b01  disablePinPulldown            
00001ab9  disablePinPullup              
00001855  disablePort                   
20001279  emptynoti                     
00001da5  enablePinInterrupt            
00001add  enablePinPulldown             
00001a8b  enablePinPullup               
00001799  enablePort                    
20001290  errno                         
000046b9  frexp                         
000046b9  frexpl                        
00000000  g_pfnVectors                  
00003d53  getCurrentTimeSlot            
00003d19  getDeviceId                   
00003e01  getDeviceIndex                
00003d59  getDeviceTimeSlot             
000027ed  getFieldInteger               
00002861  getFieldString                
00000509  getMode                       
00003d1f  getNewDeviceId                
00001e13  getPinValue                   
00001ec9  getPortValue                  
00003d31  getTimeSlot                   
000037a5  getcUart0                     
00002445  getsUart0                     
2000127b  globalOffset                  
20001294  head                          
00003e07  incrementDeviceIndex          
00001f59  initCurrentDevice             
00003d7b  initDevices                   
00004139  initEeprom                    
0000026d  initHw                        
000048f1  initJoinNetwork               
000020d9  initMotor                     
00000515  initNetwork                   
00002f5d  initNrf24l01                  
0000201f  initPWMwater                  
0000028f  initPushButton                
00003811  initSpi1                      
00004add  initSystemClockTo40Mhz        
000043d5  initTimer0                    
000021f7  initTimer2                    
000036a9  initUart0                     
00001f93  initpetHw                     
20001283  isCarriageReturn              
000027bd  isCommand                     
00002b97  isDevCaps                     
0000299d  isJoinRequest                 
00002a13  isJoinResponse                
00002c1f  isPingRequest                 
00002c8d  isPingResponse                
20001280  isPressed                     
00002d37  isPushData                    
0000292f  isSync                        
0000490b  joinNetwork                   
20001277  joinPressed                   
000037b9  kbhitUart0                    
00003e25  ldexp                         
00003e25  ldexpl                        
20001278  letJoin                       
00002355  main                          
00004a53  memccpy                       
000042a3  memcpy                        
00004571  memset                        
20001214  messageQueue                  
000020f9  motorOff                      
000020eb  motorOn                       
000022e9  opencontainer                 
20001100  out                           
20001180  packet                        
000025f7  parseField                    
00002225  playLowContainer              
00003fe9  pop                           
000024d5  printUint8InDecimal           
00002555  printUint8InHex               
00003fa7  push                          
00002cb9  pushData                      
20001234  pushDataReceiveCallback       
0000375d  putcUart0                     
00003779  putsUart0                     
00003f71  qEmpty                        
00003f35  qFull                         
00004181  readEeprom                    
00003945  readSpi1Data                  
00002119  receiveData                   
2000127e  receivedBridgeAddress         
2000127d  receivedDevCap                
000004eb  registerPushDataCallback      
00002d89  rfCsOff                       
00002d9f  rfCsOn                        
00002f87  rfIsDataAvailable             
00002e11  rfReadIntoBuffer              
00002ddd  rfReadRegister                
00002fa1  rfReceiveBuffer               
00003023  rfSendBuffer                  
00002e69  rfSetAddress                  
00002ecf  rfSetFrequency                
00002ee9  rfSetMode                     
00002dad  rfWriteRegister               
00003e25  scalbn                        
00003e25  scalbnl                       
000019bf  selectPinAnalogInput          
00001971  selectPinDigitalInput         
00001cdb  selectPinInterruptBothEdges   
00001c8b  selectPinInterruptFallingEdge 
00001d31  selectPinInterruptHighLevel   
00001d6b  selectPinInterruptLowLevel    
00001c3b  selectPinInterruptRisingEdge  
00001923  selectPinOpenDrainOutput      
000018d5  selectPinPushPullOutput       
00002ac1  sendDevCaps                   
0000295b  sendJoinRequest               
000029c1  sendJoinResponse              
00002be3  sendPingRequest               
00002c4b  sendPingResponse              
000028f3  sendSync                      
00003d3f  setCurrentTimeSlot            
00003d05  setDeviceId                   
00001b29  setPinAuxFunction             
00001a0f  setPinCommitControl           
00001ded  setPinValue                   
00001e45  setPortValue                  
000038a9  setSpi1BaudRate               
000038df  setSpi1Mode                   
00004425  setTimerLoadValue             
00003731  setUart0BaudRate              
2000128e  slotAssigned                  
20001264  slottedTimes                  
00004931  sprintf                       
0000440d  startTimer0                   
00004419  stopTimer0                    
000028a9  strCpy                        
00004aa1  strchr                        
0000274d  stringCompare                 
00004ab7  strlen                        
20001295  tail                          
20001274  timeIndex                     
20001284  timer                         
000002b1  timer0Isr                     
000021e5  timer2Isr                     
000004fb  tmp                           
20001296  topicIds                      
2000123c  topicNames                    
0000226b  triggerUltraSonicSensor       
20001238  volume                        
00004a13  waitMicrosecond               
00002107  waterpump                     
00004acb  wcslen                        
000041a7  writeDeviceMetaData           
0000414f  writeEeprom                   
0000392d  writeSpi1Data                 


GLOBAL SYMBOLS: SORTED BY Symbol Address 

address   name                          
-------   ----                          
00000000  __TI_static_base__            
00000000  g_pfnVectors                  
0000026d  initHw                        
0000028f  initPushButton                
000002b1  timer0Isr                     
00000477  bridgeReceivePushData         
000004eb  registerPushDataCallback      
000004fb  tmp                           
00000509  getMode                       
00000515  initNetwork                   
00000665  commsReceive                  
00000d49  __TI_printfi                  
00001000  __STACK_SIZE                  
00001797  __aeabi_idiv0                 
00001797  __aeabi_ldiv0                 
00001799  enablePort                    
00001855  disablePort                   
000018d5  selectPinPushPullOutput       
00001923  selectPinOpenDrainOutput      
00001971  selectPinDigitalInput         
000019bf  selectPinAnalogInput          
00001a0f  setPinCommitControl           
00001a8b  enablePinPullup               
00001ab9  disablePinPullup              
00001add  enablePinPulldown             
00001b01  disablePinPulldown            
00001b29  setPinAuxFunction             
00001c3b  selectPinInterruptRisingEdge  
00001c8b  selectPinInterruptFallingEdge 
00001cdb  selectPinInterruptBothEdges   
00001d31  selectPinInterruptHighLevel   
00001d6b  selectPinInterruptLowLevel    
00001da5  enablePinInterrupt            
00001dc9  disablePinInterrupt           
00001ded  setPinValue                   
00001e13  getPinValue                   
00001e45  setPortValue                  
00001ec9  getPortValue                  
00001f59  initCurrentDevice             
00001f93  initpetHw                     
0000201f  initPWMwater                  
000020c9  Timer1ISR                     
000020d9  initMotor                     
000020eb  motorOn                       
000020f9  motorOff                      
00002107  waterpump                     
00002119  receiveData                   
000021e5  timer2Isr                     
000021f7  initTimer2                    
00002225  playLowContainer              
0000226b  triggerUltraSonicSensor       
000022e9  opencontainer                 
00002355  main                          
00002445  getsUart0                     
000024d5  printUint8InDecimal           
00002555  printUint8InHex               
000025f7  parseField                    
0000274d  stringCompare                 
000027bd  isCommand                     
000027ed  getFieldInteger               
00002861  getFieldString                
000028a9  strCpy                        
000028f3  sendSync                      
0000292f  isSync                        
0000295b  sendJoinRequest               
0000299d  isJoinRequest                 
000029c1  sendJoinResponse              
00002a13  isJoinResponse                
00002a3f  assembleDevCaps               
00002ac1  sendDevCaps                   
00002b97  isDevCaps                     
00002be3  sendPingRequest               
00002c1f  isPingRequest                 
00002c4b  sendPingResponse              
00002c8d  isPingResponse                
00002cb9  pushData                      
00002d37  isPushData                    
00002d6d  chipEnable                    
00002d7b  chipDisable                   
00002d89  rfCsOff                       
00002d9f  rfCsOn                        
00002dad  rfWriteRegister               
00002ddd  rfReadRegister                
00002e11  rfReadIntoBuffer              
00002e69  rfSetAddress                  
00002ecf  rfSetFrequency                
00002ee9  rfSetMode                     
00002f5d  initNrf24l01                  
00002f87  rfIsDataAvailable             
00002fa1  rfReceiveBuffer               
00003023  rfSendBuffer                  
000034f1  __aeabi_dsub                  
000034fb  __aeabi_dadd                  
000036a9  initUart0                     
00003731  setUart0BaudRate              
0000375d  putcUart0                     
00003779  putsUart0                     
000037a5  getcUart0                     
000037b9  kbhitUart0                    
00003811  initSpi1                      
000038a9  setSpi1BaudRate               
000038df  setSpi1Mode                   
0000392d  writeSpi1Data                 
00003945  readSpi1Data                  
00003aa9  __aeabi_ddiv                  
00003d05  setDeviceId                   
00003d19  getDeviceId                   
00003d1f  getNewDeviceId                
00003d31  getTimeSlot                   
00003d3f  setCurrentTimeSlot            
00003d53  getCurrentTimeSlot            
00003d59  getDeviceTimeSlot             
00003d6d  assignDeviceSlot              
00003d75  deviceSlotIsAssigned          
00003d7b  initDevices                   
00003db5  deviceExists                  
00003ddd  addDevice                     
00003e01  getDeviceIndex                
00003e07  incrementDeviceIndex          
00003e25  ldexp                         
00003e25  ldexpl                        
00003e25  scalbn                        
00003e25  scalbnl                       
00003f35  qFull                         
00003f71  qEmpty                        
00003fa7  push                          
00003fe9  pop                           
0000403d  __aeabi_dmul                  
00004139  initEeprom                    
0000414f  writeEeprom                   
00004181  readEeprom                    
000041a7  writeDeviceMetaData           
000042a3  __aeabi_memcpy                
000042a3  __aeabi_memcpy4               
000042a3  __aeabi_memcpy8               
000042a3  memcpy                        
0000433f  __aeabi_uldivmod              
000043d5  initTimer0                    
0000440d  startTimer0                   
00004419  stopTimer0                    
00004425  setTimerLoadValue             
00004435  clearTimer0InterruptFlag      
0000445d  __aeabi_cdcmpeq               
0000445d  __aeabi_cdcmple               
000044e3  __aeabi_cdrcmple              
00004569  __aeabi_memclr                
00004569  __aeabi_memclr4               
00004569  __aeabi_memclr8               
0000456b  __aeabi_memset                
0000456b  __aeabi_memset4               
0000456b  __aeabi_memset8               
00004571  memset                        
00004651  __TI_decompress_lzss          
000046b9  frexp                         
000046b9  frexpl                        
00004773  __TI_ltoa                     
00004819  atoi                          
00004865  __aeabi_d2iz                  
000048ad  __TI_auto_init_nobinit_nopinit
000048f1  initJoinNetwork               
0000490b  joinNetwork                   
00004931  sprintf                       
000049b1  _c_int00_noargs               
000049e5  __aeabi_i2d                   
00004a13  waitMicrosecond               
00004a37  __TI_zero_init_nomemset       
00004a53  memccpy                       
00004a6f  copysign                      
00004a6f  copysignl                     
00004aa1  strchr                        
00004ab7  strlen                        
00004acb  wcslen                        
00004add  initSystemClockTo40Mhz        
00004aed  __TI_decompress_none          
00004afb  ResetISR                      
00004b11  __aeabi_errno_addr            
00004b19  _system_pre_init              
00004b1d  C$$EXIT                       
00004b1d  abort                         
00004b20  _ctypes_                      
00004c5c  __TI_Handler_Table_Base       
00004c68  __TI_Handler_Table_Limit      
00004c70  __TI_CINIT_Base               
00004c80  __TI_CINIT_Limit              
20000000  __stack                       
20000000  __start___llvm_prf_cnts       
20000000  __stop___llvm_prf_cnts        
20000200  __STACK_TOP                   
20001000  __STACK_END                   
20001000  devCapsData                   
20001080  deviceDataBuffer              
20001100  out                           
20001180  packet                        
20001200  bindTable                     
20001214  messageQueue                  
20001228  devices                       
20001234  pushDataReceiveCallback       
20001238  volume                        
2000123c  topicNames                    
20001264  slottedTimes                  
20001274  timeIndex                     
20001275  backoffCounter                
20001276  accessSlot                    
20001277  joinPressed                   
20001278  letJoin                       
20001279  emptynoti                     
2000127a  bridgeMode                    
2000127b  globalOffset                  
2000127c  dataReceivedIndex             
2000127d  receivedDevCap                
2000127e  receivedBridgeAddress         
2000127f  deviceDataLength              
20001280  isPressed                     
20001281  bindIndex                     
20001283  isCarriageReturn              
20001284  timer                         
20001288  count                         
2000128c  deviceId                      
2000128d  deviceIndex                   
2000128e  slotAssigned                  
2000128f  currentDeviceTimeSlot         
20001290  errno                         
20001294  head                          
20001295  tail                          
20001296  topicIds                      
ffffffff  __TI_pprof_out_hndl           
ffffffff  __TI_prof_data_size           
ffffffff  __TI_prof_data_start          
ffffffff  __binit__                     
ffffffff  __c_args__                    
ffffffff  binit                         
UNDEFED   __mpu_init                    
UNDEFED   _system_post_cinit            

[233 symbols]
