******************************************************************************
                  TI ARM Linker Unix v20.2.1                   
******************************************************************************
>> Linked Wed Apr 14 21:03:09 2021

OUTPUT FILE NAME:   <Petfedder.out>
ENTRY POINT SYMBOL: "_c_int00_noinit_noargs"  address: 00000c79


MEMORY CONFIGURATION

         name            origin    length      used     unused   attr    fill
----------------------  --------  ---------  --------  --------  ----  --------
  FLASH                 00000000   00040000  00000cdc  0003f324  R  X
  SRAM                  20000000   00008000  00001000  00007000  RW X


SEGMENT ALLOCATION MAP

run origin  load origin   length   init length attrs members
----------  ----------- ---------- ----------- ----- -------
00000000    00000000    00000cdc   00000cdc    r-x
  00000000    00000000    0000026c   0000026c    r-- .intvecs
  0000026c    0000026c    00000a70   00000a70    r-x .text
20000000    20000000    00001000   00000000    rw-
  20000000    20000000    00001000   00000000    rw- .stack


SECTION ALLOCATION MAP

 output                                  attributes/
section   page    origin      length       input sections
--------  ----  ----------  ----------   ----------------
.intvecs   0    00000000    0000026c     
                  00000000    0000026c     tm4c123gh6pm_startup_ccs.obj (.intvecs)

.text      0    0000026c    00000a70     
                  0000026c    000007c0     gpio.obj (.text)
                  00000a2c    00000128     main.obj (.text)
                  00000b54    00000124     uart0.obj (.text)
                  00000c78    0000002c     rtsv7M4_T_le_v4SPD16_eabi.lib : boot_cortex_m.c.obj (.text:_c_int00_noinit_noargs:_c_int00_noinit_noargs)
                  00000ca4    00000024     wait.obj (.text)
                  00000cc8    0000000c     tm4c123gh6pm_startup_ccs.obj (.text)
                  00000cd4    00000004     rtsv7M4_T_le_v4SPD16_eabi.lib : pre_init.c.obj (.text:_system_pre_init)
                  00000cd8    00000004                                   : exit.c.obj (.text:abort:abort)

.cinit     0    00000000    00000000     UNINITIALIZED

.init_array 
*          0    00000000    00000000     UNINITIALIZED

.stack     0    20000000    00001000     UNINITIALIZED
                  20000000    00000004     rtsv7M4_T_le_v4SPD16_eabi.lib : boot_cortex_m.c.obj (.stack)
                  20000004    00000ffc     --HOLE--

__llvm_prf_cnts 
*          0    20000000    00000000     UNINITIALIZED

MODULE SUMMARY

       Module                         code   ro data   rw data
       ------                         ----   -------   -------
    ./
       gpio.obj                       1984   0         0      
       tm4c123gh6pm_startup_ccs.obj   12     620       0      
       main.obj                       296    0         0      
       uart0.obj                      292    0         0      
       wait.obj                       36     0         0      
    +--+------------------------------+------+---------+---------+
       Total:                         2620   620       0      
                                                              
    /Applications/ti/ccs1011/ccs/tools/compiler/ti-cgt-arm_20.2.1.LTS/lib/rtsv7M4_T_le_v4SPD16_eabi.lib
       boot_cortex_m.c.obj            44     0         0      
       exit.c.obj                     4      0         0      
       pre_init.c.obj                 4      0         0      
    +--+------------------------------+------+---------+---------+
       Total:                         52     0         0      
                                                              
       Stack:                         0      0         4096   
    +--+------------------------------+------+---------+---------+
       Grand Total:                   2672   620       4096   


GLOBAL SYMBOLS: SORTED ALPHABETICALLY BY Name 

address   name                         
-------   ----                         
00000cd9  C$$EXIT                      
00000cc9  ResetISR                     
20001000  __STACK_END                  
00001000  __STACK_SIZE                 
20000200  __STACK_TOP                  
ffffffff  __TI_pprof_out_hndl          
ffffffff  __TI_prof_data_size          
ffffffff  __TI_prof_data_start         
00000000  __TI_static_base__           
ffffffff  __binit__                    
ffffffff  __c_args__                   
UNDEFED   __mpu_init                   
20000000  __stack                      
20000000  __start___llvm_prf_cnts      
20000000  __stop___llvm_prf_cnts       
00000c79  _c_int00_noinit_noargs       
00000cd5  _system_pre_init             
00000cd9  abort                        
ffffffff  binit                        
0000089d  disablePinInterrupt          
000005d5  disablePinPulldown           
0000058d  disablePinPullup             
00000329  disablePort                  
00000879  enablePinInterrupt           
000005b1  enablePinPulldown            
0000055f  enablePinPullup              
0000026d  enablePort                   
00000000  g_pfnVectors                 
000008e7  getPinValue                  
0000099d  getPortValue                 
00000c27  getcUart0                    
00000a2d  initHw                       
00000a41  initPWM                      
00000b55  initUart0                    
00000c3b  kbhitUart0                   
00000ad3  main                         
00000bdf  putcUart0                    
00000bfb  putsUart0                    
00000493  selectPinAnalogInput         
00000445  selectPinDigitalInput        
000007af  selectPinInterruptBothEdges  
0000075f  selectPinInterruptFallingEdge
00000805  selectPinInterruptHighLevel  
0000083f  selectPinInterruptLowLevel   
0000070f  selectPinInterruptRisingEdge 
000003f7  selectPinOpenDrainOutput     
000003a9  selectPinPushPullOutput      
000005fd  setPinAuxFunction            
000004e3  setPinCommitControl          
000008c1  setPinValue                  
00000919  setPortValue                 
00000b9f  setUart0BaudRate             
00000ca5  waitMicrosecond              


GLOBAL SYMBOLS: SORTED BY Symbol Address 

address   name                         
-------   ----                         
00000000  __TI_static_base__           
00000000  g_pfnVectors                 
0000026d  enablePort                   
00000329  disablePort                  
000003a9  selectPinPushPullOutput      
000003f7  selectPinOpenDrainOutput     
00000445  selectPinDigitalInput        
00000493  selectPinAnalogInput         
000004e3  setPinCommitControl          
0000055f  enablePinPullup              
0000058d  disablePinPullup             
000005b1  enablePinPulldown            
000005d5  disablePinPulldown           
000005fd  setPinAuxFunction            
0000070f  selectPinInterruptRisingEdge 
0000075f  selectPinInterruptFallingEdge
000007af  selectPinInterruptBothEdges  
00000805  selectPinInterruptHighLevel  
0000083f  selectPinInterruptLowLevel   
00000879  enablePinInterrupt           
0000089d  disablePinInterrupt          
000008c1  setPinValue                  
000008e7  getPinValue                  
00000919  setPortValue                 
0000099d  getPortValue                 
00000a2d  initHw                       
00000a41  initPWM                      
00000ad3  main                         
00000b55  initUart0                    
00000b9f  setUart0BaudRate             
00000bdf  putcUart0                    
00000bfb  putsUart0                    
00000c27  getcUart0                    
00000c3b  kbhitUart0                   
00000c79  _c_int00_noinit_noargs       
00000ca5  waitMicrosecond              
00000cc9  ResetISR                     
00000cd5  _system_pre_init             
00000cd9  C$$EXIT                      
00000cd9  abort                        
00001000  __STACK_SIZE                 
20000000  __stack                      
20000000  __start___llvm_prf_cnts      
20000000  __stop___llvm_prf_cnts       
20000200  __STACK_TOP                  
20001000  __STACK_END                  
ffffffff  __TI_pprof_out_hndl          
ffffffff  __TI_prof_data_size          
ffffffff  __TI_prof_data_start         
ffffffff  __binit__                    
ffffffff  __c_args__                   
ffffffff  binit                        
UNDEFED   __mpu_init                   

[53 symbols]
