<?xml version="1.0" encoding="ISO-8859-1" ?>
<link_info>
   <banner>TI ARM Linker Unix v20.2.1.LTS</banner>
   <copyright>Copyright (c) 1996-2018 Texas Instruments Incorporated</copyright>
   <link_time>0x608b35d5</link_time>
   <link_errors>0x0</link_errors>
   <output_file>Petfedder.out</output_file>
   <entry_point>
      <name>_c_int00_noargs</name>
      <address>0x49b1</address>
   </entry_point>
   <input_file_list>
      <input_file id="fl-1">
         <path>./</path>
         <kind>object</kind>
         <file>clock.obj</file>
         <name>clock.obj</name>
      </input_file>
      <input_file id="fl-2">
         <path>./</path>
         <kind>object</kind>
         <file>common_terminal_interface.obj</file>
         <name>common_terminal_interface.obj</name>
      </input_file>
      <input_file id="fl-3">
         <path>./</path>
         <kind>object</kind>
         <file>device.obj</file>
         <name>device.obj</name>
      </input_file>
      <input_file id="fl-4">
         <path>./</path>
         <kind>object</kind>
         <file>eeprom.obj</file>
         <name>eeprom.obj</name>
      </input_file>
      <input_file id="fl-5">
         <path>./</path>
         <kind>object</kind>
         <file>gpio.obj</file>
         <name>gpio.obj</name>
      </input_file>
      <input_file id="fl-6">
         <path>./</path>
         <kind>object</kind>
         <file>joinNetwork.obj</file>
         <name>joinNetwork.obj</name>
      </input_file>
      <input_file id="fl-7">
         <path>./</path>
         <kind>object</kind>
         <file>main.obj</file>
         <name>main.obj</name>
      </input_file>
      <input_file id="fl-8">
         <path>./</path>
         <kind>object</kind>
         <file>messageQueue.obj</file>
         <name>messageQueue.obj</name>
      </input_file>
      <input_file id="fl-9">
         <path>./</path>
         <kind>object</kind>
         <file>network.obj</file>
         <name>network.obj</name>
      </input_file>
      <input_file id="fl-a">
         <path>./</path>
         <kind>object</kind>
         <file>nrf24l01.obj</file>
         <name>nrf24l01.obj</name>
      </input_file>
      <input_file id="fl-b">
         <path>./</path>
         <kind>object</kind>
         <file>protocol.obj</file>
         <name>protocol.obj</name>
      </input_file>
      <input_file id="fl-c">
         <path>./</path>
         <kind>object</kind>
         <file>spi1.obj</file>
         <name>spi1.obj</name>
      </input_file>
      <input_file id="fl-d">
         <path>./</path>
         <kind>object</kind>
         <file>timer0.obj</file>
         <name>timer0.obj</name>
      </input_file>
      <input_file id="fl-e">
         <path>./</path>
         <kind>object</kind>
         <file>tm4c123gh6pm_startup_ccs.obj</file>
         <name>tm4c123gh6pm_startup_ccs.obj</name>
      </input_file>
      <input_file id="fl-f">
         <path>./</path>
         <kind>object</kind>
         <file>uart0.obj</file>
         <name>uart0.obj</name>
      </input_file>
      <input_file id="fl-10">
         <path>./</path>
         <kind>object</kind>
         <file>utils.obj</file>
         <name>utils.obj</name>
      </input_file>
      <input_file id="fl-11">
         <path>./</path>
         <kind>object</kind>
         <file>wait.obj</file>
         <name>wait.obj</name>
      </input_file>
      <input_file id="fl-15">
         <kind>object</kind>
         <file>&lt;internal&gt;</file>
         <name>&lt;internal&gt;</name>
      </input_file>
      <input_file id="fl-cb">
         <path>/Applications/ti/ccs1011/ccs/tools/compiler/ti-cgt-arm_20.2.1.LTS/lib/</path>
         <kind>archive</kind>
         <file>rtsv7M4_T_le_v4SPD16_eabi.lib</file>
         <name>sprintf.c.obj</name>
      </input_file>
      <input_file id="fl-cc">
         <path>/Applications/ti/ccs1011/ccs/tools/compiler/ti-cgt-arm_20.2.1.LTS/lib/</path>
         <kind>archive</kind>
         <file>rtsv7M4_T_le_v4SPD16_eabi.lib</file>
         <name>memcpy_t2.asm.obj</name>
      </input_file>
      <input_file id="fl-cd">
         <path>/Applications/ti/ccs1011/ccs/tools/compiler/ti-cgt-arm_20.2.1.LTS/lib/</path>
         <kind>archive</kind>
         <file>rtsv7M4_T_le_v4SPD16_eabi.lib</file>
         <name>copy_zero_init.c.obj</name>
      </input_file>
      <input_file id="fl-ce">
         <path>/Applications/ti/ccs1011/ccs/tools/compiler/ti-cgt-arm_20.2.1.LTS/lib/</path>
         <kind>archive</kind>
         <file>rtsv7M4_T_le_v4SPD16_eabi.lib</file>
         <name>copy_decompress_none.c.obj</name>
      </input_file>
      <input_file id="fl-cf">
         <path>/Applications/ti/ccs1011/ccs/tools/compiler/ti-cgt-arm_20.2.1.LTS/lib/</path>
         <kind>archive</kind>
         <file>rtsv7M4_T_le_v4SPD16_eabi.lib</file>
         <name>copy_decompress_lzss.c.obj</name>
      </input_file>
      <input_file id="fl-d0">
         <path>/Applications/ti/ccs1011/ccs/tools/compiler/ti-cgt-arm_20.2.1.LTS/lib/</path>
         <kind>archive</kind>
         <file>rtsv7M4_T_le_v4SPD16_eabi.lib</file>
         <name>boot_cortex_m.c.obj</name>
      </input_file>
      <input_file id="fl-d1">
         <path>/Applications/ti/ccs1011/ccs/tools/compiler/ti-cgt-arm_20.2.1.LTS/lib/</path>
         <kind>archive</kind>
         <file>rtsv7M4_T_le_v4SPD16_eabi.lib</file>
         <name>_printfi.c.obj</name>
      </input_file>
      <input_file id="fl-d2">
         <path>/Applications/ti/ccs1011/ccs/tools/compiler/ti-cgt-arm_20.2.1.LTS/lib/</path>
         <kind>archive</kind>
         <file>rtsv7M4_T_le_v4SPD16_eabi.lib</file>
         <name>memset_t2.asm.obj</name>
      </input_file>
      <input_file id="fl-d3">
         <path>/Applications/ti/ccs1011/ccs/tools/compiler/ti-cgt-arm_20.2.1.LTS/lib/</path>
         <kind>archive</kind>
         <file>rtsv7M4_T_le_v4SPD16_eabi.lib</file>
         <name>fd_add_t2.asm.obj</name>
      </input_file>
      <input_file id="fl-d4">
         <path>/Applications/ti/ccs1011/ccs/tools/compiler/ti-cgt-arm_20.2.1.LTS/lib/</path>
         <kind>archive</kind>
         <file>rtsv7M4_T_le_v4SPD16_eabi.lib</file>
         <name>fd_cmp_t2.asm.obj</name>
      </input_file>
      <input_file id="fl-d5">
         <path>/Applications/ti/ccs1011/ccs/tools/compiler/ti-cgt-arm_20.2.1.LTS/lib/</path>
         <kind>archive</kind>
         <file>rtsv7M4_T_le_v4SPD16_eabi.lib</file>
         <name>fd_div_t2.asm.obj</name>
      </input_file>
      <input_file id="fl-d6">
         <path>/Applications/ti/ccs1011/ccs/tools/compiler/ti-cgt-arm_20.2.1.LTS/lib/</path>
         <kind>archive</kind>
         <file>rtsv7M4_T_le_v4SPD16_eabi.lib</file>
         <name>fd_mul_t2.asm.obj</name>
      </input_file>
      <input_file id="fl-d7">
         <path>/Applications/ti/ccs1011/ccs/tools/compiler/ti-cgt-arm_20.2.1.LTS/lib/</path>
         <kind>archive</kind>
         <file>rtsv7M4_T_le_v4SPD16_eabi.lib</file>
         <name>fd_toi_t2.asm.obj</name>
      </input_file>
      <input_file id="fl-d8">
         <path>/Applications/ti/ccs1011/ccs/tools/compiler/ti-cgt-arm_20.2.1.LTS/lib/</path>
         <kind>archive</kind>
         <file>rtsv7M4_T_le_v4SPD16_eabi.lib</file>
         <name>i_tofd_t2.asm.obj</name>
      </input_file>
      <input_file id="fl-d9">
         <path>/Applications/ti/ccs1011/ccs/tools/compiler/ti-cgt-arm_20.2.1.LTS/lib/</path>
         <kind>archive</kind>
         <file>rtsv7M4_T_le_v4SPD16_eabi.lib</file>
         <name>ull_div_t2.asm.obj</name>
      </input_file>
      <input_file id="fl-da">
         <path>/Applications/ti/ccs1011/ccs/tools/compiler/ti-cgt-arm_20.2.1.LTS/lib/</path>
         <kind>archive</kind>
         <file>rtsv7M4_T_le_v4SPD16_eabi.lib</file>
         <name>autoinit.c.obj</name>
      </input_file>
      <input_file id="fl-db">
         <path>/Applications/ti/ccs1011/ccs/tools/compiler/ti-cgt-arm_20.2.1.LTS/lib/</path>
         <kind>archive</kind>
         <file>rtsv7M4_T_le_v4SPD16_eabi.lib</file>
         <name>pre_init.c.obj</name>
      </input_file>
      <input_file id="fl-dc">
         <path>/Applications/ti/ccs1011/ccs/tools/compiler/ti-cgt-arm_20.2.1.LTS/lib/</path>
         <kind>archive</kind>
         <file>rtsv7M4_T_le_v4SPD16_eabi.lib</file>
         <name>cpy_tbl.c.obj</name>
      </input_file>
      <input_file id="fl-dd">
         <path>/Applications/ti/ccs1011/ccs/tools/compiler/ti-cgt-arm_20.2.1.LTS/lib/</path>
         <kind>archive</kind>
         <file>rtsv7M4_T_le_v4SPD16_eabi.lib</file>
         <name>exit.c.obj</name>
      </input_file>
      <input_file id="fl-de">
         <path>/Applications/ti/ccs1011/ccs/tools/compiler/ti-cgt-arm_20.2.1.LTS/lib/</path>
         <kind>archive</kind>
         <file>rtsv7M4_T_le_v4SPD16_eabi.lib</file>
         <name>_lock.c.obj</name>
      </input_file>
      <input_file id="fl-df">
         <path>/Applications/ti/ccs1011/ccs/tools/compiler/ti-cgt-arm_20.2.1.LTS/lib/</path>
         <kind>archive</kind>
         <file>rtsv7M4_T_le_v4SPD16_eabi.lib</file>
         <name>_ltoa.c.obj</name>
      </input_file>
      <input_file id="fl-e0">
         <path>/Applications/ti/ccs1011/ccs/tools/compiler/ti-cgt-arm_20.2.1.LTS/lib/</path>
         <kind>archive</kind>
         <file>rtsv7M4_T_le_v4SPD16_eabi.lib</file>
         <name>args_main.c.obj</name>
      </input_file>
      <input_file id="fl-e1">
         <path>/Applications/ti/ccs1011/ccs/tools/compiler/ti-cgt-arm_20.2.1.LTS/lib/</path>
         <kind>archive</kind>
         <file>rtsv7M4_T_le_v4SPD16_eabi.lib</file>
         <name>atoi.c.obj</name>
      </input_file>
      <input_file id="fl-e2">
         <path>/Applications/ti/ccs1011/ccs/tools/compiler/ti-cgt-arm_20.2.1.LTS/lib/</path>
         <kind>archive</kind>
         <file>rtsv7M4_T_le_v4SPD16_eabi.lib</file>
         <name>ctype.c.obj</name>
      </input_file>
      <input_file id="fl-e3">
         <path>/Applications/ti/ccs1011/ccs/tools/compiler/ti-cgt-arm_20.2.1.LTS/lib/</path>
         <kind>archive</kind>
         <file>rtsv7M4_T_le_v4SPD16_eabi.lib</file>
         <name>memccpy.c.obj</name>
      </input_file>
      <input_file id="fl-e4">
         <path>/Applications/ti/ccs1011/ccs/tools/compiler/ti-cgt-arm_20.2.1.LTS/lib/</path>
         <kind>archive</kind>
         <file>rtsv7M4_T_le_v4SPD16_eabi.lib</file>
         <name>strchr.c.obj</name>
      </input_file>
      <input_file id="fl-e5">
         <path>/Applications/ti/ccs1011/ccs/tools/compiler/ti-cgt-arm_20.2.1.LTS/lib/</path>
         <kind>archive</kind>
         <file>rtsv7M4_T_le_v4SPD16_eabi.lib</file>
         <name>strlen.c.obj</name>
      </input_file>
      <input_file id="fl-e6">
         <path>/Applications/ti/ccs1011/ccs/tools/compiler/ti-cgt-arm_20.2.1.LTS/lib/</path>
         <kind>archive</kind>
         <file>rtsv7M4_T_le_v4SPD16_eabi.lib</file>
         <name>errno.c.obj</name>
      </input_file>
      <input_file id="fl-e7">
         <path>/Applications/ti/ccs1011/ccs/tools/compiler/ti-cgt-arm_20.2.1.LTS/lib/</path>
         <kind>archive</kind>
         <file>rtsv7M4_T_le_v4SPD16_eabi.lib</file>
         <name>s_frexp.c.obj</name>
      </input_file>
      <input_file id="fl-e8">
         <path>/Applications/ti/ccs1011/ccs/tools/compiler/ti-cgt-arm_20.2.1.LTS/lib/</path>
         <kind>archive</kind>
         <file>rtsv7M4_T_le_v4SPD16_eabi.lib</file>
         <name>s_scalbn.c.obj</name>
      </input_file>
      <input_file id="fl-e9">
         <path>/Applications/ti/ccs1011/ccs/tools/compiler/ti-cgt-arm_20.2.1.LTS/lib/</path>
         <kind>archive</kind>
         <file>rtsv7M4_T_le_v4SPD16_eabi.lib</file>
         <name>wcslen.c.obj</name>
      </input_file>
      <input_file id="fl-ea">
         <path>/Applications/ti/ccs1011/ccs/tools/compiler/ti-cgt-arm_20.2.1.LTS/lib/</path>
         <kind>archive</kind>
         <file>rtsv7M4_T_le_v4SPD16_eabi.lib</file>
         <name>div0.asm.obj</name>
      </input_file>
      <input_file id="fl-eb">
         <path>/Applications/ti/ccs1011/ccs/tools/compiler/ti-cgt-arm_20.2.1.LTS/lib/</path>
         <kind>archive</kind>
         <file>rtsv7M4_T_le_v4SPD16_eabi.lib</file>
         <name>s_copysign.c.obj</name>
      </input_file>
   </input_file_list>
   <object_component_list>
      <object_component id="oc-12">
         <name>.intvecs</name>
         <load_address>0x0</load_address>
         <run_address>0x0</run_address>
         <size>0x26c</size>
         <input_file_ref idref="fl-e"/>
      </object_component>
      <object_component id="oc-2d">
         <name>.text</name>
         <load_address>0x26c</load_address>
         <run_address>0x26c</run_address>
         <size>0xadc</size>
         <input_file_ref idref="fl-9"/>
      </object_component>
      <object_component id="oc-184">
         <name>.text:__TI_printfi</name>
         <load_address>0xd48</load_address>
         <run_address>0xd48</run_address>
         <size>0xa4e</size>
         <input_file_ref idref="fl-d1"/>
      </object_component>
      <object_component id="oc-32f">
         <name>.text</name>
         <load_address>0x1796</load_address>
         <run_address>0x1796</run_address>
         <size>0x2</size>
         <input_file_ref idref="fl-ea"/>
      </object_component>
      <object_component id="oc-7a">
         <name>.text</name>
         <load_address>0x1798</load_address>
         <run_address>0x1798</run_address>
         <size>0x7c0</size>
         <input_file_ref idref="fl-5"/>
      </object_component>
      <object_component id="oc-33">
         <name>.text</name>
         <load_address>0x1f58</load_address>
         <run_address>0x1f58</run_address>
         <size>0x4ec</size>
         <input_file_ref idref="fl-7"/>
      </object_component>
      <object_component id="oc-c6">
         <name>.text</name>
         <load_address>0x2444</load_address>
         <run_address>0x2444</run_address>
         <size>0x4ae</size>
         <input_file_ref idref="fl-2"/>
      </object_component>
      <object_component id="oc-80">
         <name>.text</name>
         <load_address>0x28f2</load_address>
         <run_address>0x28f2</run_address>
         <size>0x478</size>
         <input_file_ref idref="fl-b"/>
      </object_component>
      <object_component id="oc-9e">
         <name>.text</name>
         <load_address>0x2d6c</load_address>
         <run_address>0x2d6c</run_address>
         <size>0x344</size>
         <input_file_ref idref="fl-a"/>
      </object_component>
      <object_component id="oc-23e">
         <name>.text:_pconv_a</name>
         <load_address>0x30b0</load_address>
         <run_address>0x30b0</run_address>
         <size>0x270</size>
         <input_file_ref idref="fl-d1"/>
      </object_component>
      <object_component id="oc-22c">
         <name>.text:_pconv_g</name>
         <load_address>0x3320</load_address>
         <run_address>0x3320</run_address>
         <size>0x1d0</size>
         <input_file_ref idref="fl-d1"/>
      </object_component>
      <object_component id="oc-2b5">
         <name>.text</name>
         <load_address>0x34f0</load_address>
         <run_address>0x34f0</run_address>
         <size>0x1b6</size>
         <input_file_ref idref="fl-d3"/>
      </object_component>
      <object_component id="oc-92">
         <name>.text</name>
         <load_address>0x36a8</load_address>
         <run_address>0x36a8</run_address>
         <size>0x168</size>
         <input_file_ref idref="fl-f"/>
      </object_component>
      <object_component id="oc-165">
         <name>.text</name>
         <load_address>0x3810</load_address>
         <run_address>0x3810</run_address>
         <size>0x15c</size>
         <input_file_ref idref="fl-c"/>
      </object_component>
      <object_component id="oc-238">
         <name>.text:_pconv_e</name>
         <load_address>0x396c</load_address>
         <run_address>0x396c</run_address>
         <size>0x13c</size>
         <input_file_ref idref="fl-d1"/>
      </object_component>
      <object_component id="oc-29b">
         <name>.text</name>
         <load_address>0x3aa8</load_address>
         <run_address>0x3aa8</run_address>
         <size>0x136</size>
         <input_file_ref idref="fl-d5"/>
      </object_component>
      <object_component id="oc-2c7">
         <name>.text:fcvt</name>
         <load_address>0x3be0</load_address>
         <run_address>0x3be0</run_address>
         <size>0x124</size>
         <input_file_ref idref="fl-d1"/>
      </object_component>
      <object_component id="oc-98">
         <name>.text</name>
         <load_address>0x3d04</load_address>
         <run_address>0x3d04</run_address>
         <size>0x120</size>
         <input_file_ref idref="fl-3"/>
      </object_component>
      <object_component id="oc-2db">
         <name>.text:scalbn</name>
         <load_address>0x3e24</load_address>
         <run_address>0x3e24</run_address>
         <size>0x110</size>
         <input_file_ref idref="fl-e8"/>
      </object_component>
      <object_component id="oc-8c">
         <name>.text</name>
         <load_address>0x3f34</load_address>
         <run_address>0x3f34</run_address>
         <size>0x108</size>
         <input_file_ref idref="fl-8"/>
      </object_component>
      <object_component id="oc-296">
         <name>.text</name>
         <load_address>0x403c</load_address>
         <run_address>0x403c</run_address>
         <size>0xfc</size>
         <input_file_ref idref="fl-d6"/>
      </object_component>
      <object_component id="oc-cc">
         <name>.text</name>
         <load_address>0x4138</load_address>
         <run_address>0x4138</run_address>
         <size>0xb8</size>
         <input_file_ref idref="fl-4"/>
      </object_component>
      <object_component id="oc-221">
         <name>.text:_ltostr</name>
         <load_address>0x41f0</load_address>
         <run_address>0x41f0</run_address>
         <size>0xb1</size>
         <input_file_ref idref="fl-d1"/>
      </object_component>
      <object_component id="oc-47">
         <name>.text</name>
         <load_address>0x42a2</load_address>
         <run_address>0x42a2</run_address>
         <size>0x9c</size>
         <input_file_ref idref="fl-cc"/>
      </object_component>
      <object_component id="oc-28f">
         <name>.text</name>
         <load_address>0x433e</load_address>
         <run_address>0x433e</run_address>
         <size>0x96</size>
         <input_file_ref idref="fl-d9"/>
      </object_component>
      <object_component id="oc-a4">
         <name>.text</name>
         <load_address>0x43d4</load_address>
         <run_address>0x43d4</run_address>
         <size>0x88</size>
         <input_file_ref idref="fl-d"/>
      </object_component>
      <object_component id="oc-227">
         <name>.text:__aeabi_cdcmple</name>
         <load_address>0x445c</load_address>
         <run_address>0x445c</run_address>
         <size>0x86</size>
         <input_file_ref idref="fl-d4"/>
      </object_component>
      <object_component id="oc-2a0">
         <name>.text:__aeabi_cdrcmple</name>
         <load_address>0x44e2</load_address>
         <run_address>0x44e2</run_address>
         <size>0x86</size>
         <input_file_ref idref="fl-d4"/>
      </object_component>
      <object_component id="oc-12e">
         <name>.text</name>
         <load_address>0x4568</load_address>
         <run_address>0x4568</run_address>
         <size>0x7a</size>
         <input_file_ref idref="fl-d2"/>
      </object_component>
      <object_component id="oc-2c0">
         <name>.text:_mcpy</name>
         <load_address>0x45e2</load_address>
         <run_address>0x45e2</run_address>
         <size>0x6e</size>
         <input_file_ref idref="fl-d1"/>
      </object_component>
      <object_component id="oc-15">
         <name>.text:decompress:lzss:__TI_decompress_lzss</name>
         <load_address>0x4650</load_address>
         <run_address>0x4650</run_address>
         <size>0x68</size>
         <input_file_ref idref="fl-cf"/>
      </object_component>
      <object_component id="oc-2d5">
         <name>.text:frexp</name>
         <load_address>0x46b8</load_address>
         <run_address>0x46b8</run_address>
         <size>0x64</size>
         <input_file_ref idref="fl-e7"/>
      </object_component>
      <object_component id="oc-232">
         <name>.text:_pconv_f</name>
         <load_address>0x471c</load_address>
         <run_address>0x471c</run_address>
         <size>0x56</size>
         <input_file_ref idref="fl-d1"/>
      </object_component>
      <object_component id="oc-2aa">
         <name>.text:__TI_ltoa</name>
         <load_address>0x4772</load_address>
         <run_address>0x4772</run_address>
         <size>0x54</size>
         <input_file_ref idref="fl-df"/>
      </object_component>
      <object_component id="oc-2ba">
         <name>.text:_ecpy</name>
         <load_address>0x47c6</load_address>
         <run_address>0x47c6</run_address>
         <size>0x52</size>
         <input_file_ref idref="fl-d1"/>
      </object_component>
      <object_component id="oc-21b">
         <name>.text:atoi</name>
         <load_address>0x4818</load_address>
         <run_address>0x4818</run_address>
         <size>0x4c</size>
         <input_file_ref idref="fl-e1"/>
      </object_component>
      <object_component id="oc-2a5">
         <name>.text</name>
         <load_address>0x4864</load_address>
         <run_address>0x4864</run_address>
         <size>0x48</size>
         <input_file_ref idref="fl-d7"/>
      </object_component>
      <object_component id="oc-1d0">
         <name>.text:__TI_auto_init_nobinit_nopinit:__TI_auto_init_nobinit_nopinit</name>
         <load_address>0x48ac</load_address>
         <run_address>0x48ac</run_address>
         <size>0x44</size>
         <input_file_ref idref="fl-da"/>
      </object_component>
      <object_component id="oc-ad">
         <name>.text</name>
         <load_address>0x48f0</load_address>
         <run_address>0x48f0</run_address>
         <size>0x40</size>
         <input_file_ref idref="fl-6"/>
      </object_component>
      <object_component id="oc-d2">
         <name>.text:sprintf</name>
         <load_address>0x4930</load_address>
         <run_address>0x4930</run_address>
         <size>0x40</size>
         <input_file_ref idref="fl-cb"/>
      </object_component>
      <object_component id="oc-2cd">
         <name>.text:_fcpy</name>
         <load_address>0x4970</load_address>
         <run_address>0x4970</run_address>
         <size>0x3e</size>
         <input_file_ref idref="fl-d1"/>
      </object_component>
      <object_component id="oc-65">
         <name>.text:_c_int00_noargs:_c_int00_noargs</name>
         <load_address>0x49b0</load_address>
         <run_address>0x49b0</run_address>
         <size>0x34</size>
         <input_file_ref idref="fl-d0"/>
      </object_component>
      <object_component id="oc-2b0">
         <name>.text</name>
         <load_address>0x49e4</load_address>
         <run_address>0x49e4</run_address>
         <size>0x2e</size>
         <input_file_ref idref="fl-d8"/>
      </object_component>
      <object_component id="oc-86">
         <name>.text</name>
         <load_address>0x4a12</load_address>
         <run_address>0x4a12</run_address>
         <size>0x24</size>
         <input_file_ref idref="fl-11"/>
      </object_component>
      <object_component id="oc-53">
         <name>.text:decompress:ZI:__TI_zero_init_nomemset:__TI_zero_init_nomemset</name>
         <load_address>0x4a36</load_address>
         <run_address>0x4a36</run_address>
         <size>0x1c</size>
         <input_file_ref idref="fl-cd"/>
      </object_component>
      <object_component id="oc-244">
         <name>.text:memccpy</name>
         <load_address>0x4a52</load_address>
         <run_address>0x4a52</run_address>
         <size>0x1c</size>
         <input_file_ref idref="fl-e3"/>
      </object_component>
      <object_component id="oc-348">
         <name>.text:copysign</name>
         <load_address>0x4a6e</load_address>
         <run_address>0x4a6e</run_address>
         <size>0x1a</size>
         <input_file_ref idref="fl-eb"/>
      </object_component>
      <object_component id="oc-18a">
         <name>.text:_outs</name>
         <load_address>0x4a88</load_address>
         <run_address>0x4a88</run_address>
         <size>0x18</size>
         <input_file_ref idref="fl-cb"/>
      </object_component>
      <object_component id="oc-2e1">
         <name>.text:strchr</name>
         <load_address>0x4aa0</load_address>
         <run_address>0x4aa0</run_address>
         <size>0x16</size>
         <input_file_ref idref="fl-e4"/>
      </object_component>
      <object_component id="oc-215">
         <name>.text:strlen</name>
         <load_address>0x4ab6</load_address>
         <run_address>0x4ab6</run_address>
         <size>0x14</size>
         <input_file_ref idref="fl-e5"/>
      </object_component>
      <object_component id="oc-24a">
         <name>.text:wcslen</name>
         <load_address>0x4aca</load_address>
         <run_address>0x4aca</run_address>
         <size>0x12</size>
         <input_file_ref idref="fl-e9"/>
      </object_component>
      <object_component id="oc-108">
         <name>.text</name>
         <load_address>0x4adc</load_address>
         <run_address>0x4adc</run_address>
         <size>0x10</size>
         <input_file_ref idref="fl-1"/>
      </object_component>
      <object_component id="oc-1b">
         <name>.text:decompress:none:__TI_decompress_none</name>
         <load_address>0x4aec</load_address>
         <run_address>0x4aec</run_address>
         <size>0xe</size>
         <input_file_ref idref="fl-ce"/>
      </object_component>
      <object_component id="oc-27">
         <name>.text</name>
         <load_address>0x4afa</load_address>
         <run_address>0x4afa</run_address>
         <size>0xc</size>
         <input_file_ref idref="fl-e"/>
      </object_component>
      <object_component id="oc-190">
         <name>.text:_outc</name>
         <load_address>0x4b06</load_address>
         <run_address>0x4b06</run_address>
         <size>0xa</size>
         <input_file_ref idref="fl-cb"/>
      </object_component>
      <object_component id="oc-250">
         <name>.text:__aeabi_errno_addr</name>
         <load_address>0x4b10</load_address>
         <run_address>0x4b10</run_address>
         <size>0x8</size>
         <input_file_ref idref="fl-e6"/>
      </object_component>
      <object_component id="oc-134">
         <name>.text:_system_pre_init</name>
         <load_address>0x4b18</load_address>
         <run_address>0x4b18</run_address>
         <size>0x4</size>
         <input_file_ref idref="fl-db"/>
      </object_component>
      <object_component id="oc-1c4">
         <name>.text:abort:abort</name>
         <load_address>0x4b1c</load_address>
         <run_address>0x4b1c</run_address>
         <size>0x4</size>
         <input_file_ref idref="fl-dd"/>
      </object_component>
      <object_component id="oc-28a">
         <name>.const:.string:_ctypes_</name>
         <load_address>0x4b20</load_address>
         <run_address>0x4b20</run_address>
         <size>0x101</size>
         <input_file_ref idref="fl-e2"/>
      </object_component>
      <object_component id="oc-ba">
         <name>.const:$P$T0$1</name>
         <load_address>0x4c21</load_address>
         <run_address>0x4c21</run_address>
         <size>0x2</size>
         <input_file_ref idref="fl-9"/>
      </object_component>
      <object_component id="oc-17c">
         <name>.const:.string</name>
         <load_address>0x4c24</load_address>
         <run_address>0x4c24</run_address>
         <size>0x6</size>
         <input_file_ref idref="fl-9"/>
      </object_component>
      <object_component id="oc-db">
         <name>.const:$P$T1$2</name>
         <load_address>0x4c2a</load_address>
         <run_address>0x4c2a</run_address>
         <size>0x2</size>
         <input_file_ref idref="fl-9"/>
      </object_component>
      <object_component id="oc-de">
         <name>.const:$P$T2$3</name>
         <load_address>0x4c2c</load_address>
         <run_address>0x4c2c</run_address>
         <size>0x2</size>
         <input_file_ref idref="fl-9"/>
      </object_component>
      <object_component id="oc-e4">
         <name>.const:$P$T3$4</name>
         <load_address>0x4c2e</load_address>
         <run_address>0x4c2e</run_address>
         <size>0x2</size>
         <input_file_ref idref="fl-9"/>
      </object_component>
      <object_component id="oc-e8">
         <name>.const:$P$T4$5</name>
         <load_address>0x4c30</load_address>
         <run_address>0x4c30</run_address>
         <size>0x2</size>
         <input_file_ref idref="fl-9"/>
      </object_component>
      <object_component id="oc-eb">
         <name>.const:$P$T5$6</name>
         <load_address>0x4c32</load_address>
         <run_address>0x4c32</run_address>
         <size>0x2</size>
         <input_file_ref idref="fl-9"/>
      </object_component>
      <object_component id="oc-3af">
         <name>.cinit..data.load</name>
         <load_address>0x4c38</load_address>
         <run_address>0x4c38</run_address>
         <size>0x21</size>
      </object_component>
      <object_component id="oc-3ad">
         <name>__TI_handler_table</name>
         <load_address>0x4c5c</load_address>
         <run_address>0x4c5c</run_address>
         <size>0xc</size>
      </object_component>
      <object_component id="oc-3b0">
         <name>.cinit..bss.load</name>
         <load_address>0x4c68</load_address>
         <run_address>0x4c68</run_address>
         <size>0x8</size>
      </object_component>
      <object_component id="oc-3ae">
         <name>__TI_cinit_table</name>
         <load_address>0x4c70</load_address>
         <run_address>0x4c70</run_address>
         <size>0x10</size>
      </object_component>
      <object_component id="oc-d8">
         <name>.data</name>
         <load_address>0x20001282</load_address>
         <run_address>0x20001282</run_address>
         <size>0x2</size>
         <input_file_ref idref="fl-2"/>
      </object_component>
      <object_component id="oc-15e">
         <name>.data</name>
         <load_address>0x2000128c</load_address>
         <run_address>0x2000128c</run_address>
         <size>0x4</size>
         <input_file_ref idref="fl-3"/>
      </object_component>
      <object_component id="oc-10e">
         <name>.data</name>
         <load_address>0x20001284</load_address>
         <run_address>0x20001284</run_address>
         <size>0x8</size>
         <input_file_ref idref="fl-7"/>
      </object_component>
      <object_component id="oc-155">
         <name>.data</name>
         <load_address>0x20001294</load_address>
         <run_address>0x20001294</run_address>
         <size>0x2</size>
         <input_file_ref idref="fl-8"/>
      </object_component>
      <object_component id="oc-b3">
         <name>.data</name>
         <load_address>0x20001274</load_address>
         <run_address>0x20001274</run_address>
         <size>0xe</size>
         <input_file_ref idref="fl-9"/>
      </object_component>
      <object_component id="oc-b7">
         <name>.data:slottedTimes</name>
         <load_address>0x20001264</load_address>
         <run_address>0x20001264</run_address>
         <size>0x10</size>
         <input_file_ref idref="fl-9"/>
      </object_component>
      <object_component id="oc-bf">
         <name>.data:topicNames</name>
         <load_address>0x2000123c</load_address>
         <run_address>0x2000123c</run_address>
         <size>0x28</size>
         <input_file_ref idref="fl-9"/>
      </object_component>
      <object_component id="oc-c3">
         <name>.data:topicIds</name>
         <load_address>0x20001296</load_address>
         <run_address>0x20001296</run_address>
         <size>0x1</size>
         <input_file_ref idref="fl-9"/>
      </object_component>
      <object_component id="oc-2f1">
         <name>.data</name>
         <load_address>0x20001290</load_address>
         <run_address>0x20001290</run_address>
         <size>0x4</size>
         <input_file_ref idref="fl-e6"/>
      </object_component>
      <object_component id="oc-161">
         <name>.common:devices</name>
         <uninitialized>true</uninitialized>
         <run_address>0x20001228</run_address>
         <size>0xc</size>
      </object_component>
      <object_component id="oc-e1">
         <name>.common:volume</name>
         <uninitialized>true</uninitialized>
         <run_address>0x20001238</run_address>
         <size>0x1</size>
      </object_component>
      <object_component id="oc-158">
         <name>.common:messageQueue</name>
         <uninitialized>true</uninitialized>
         <run_address>0x20001214</run_address>
         <size>0x14</size>
      </object_component>
      <object_component id="oc-aa">
         <name>.common:packet</name>
         <uninitialized>true</uninitialized>
         <run_address>0x20001180</run_address>
         <size>0x80</size>
      </object_component>
      <object_component id="oc-c2">
         <name>.common:devCapsData</name>
         <uninitialized>true</uninitialized>
         <run_address>0x20001000</run_address>
         <size>0x80</size>
      </object_component>
      <object_component id="oc-b6">
         <name>.common:deviceDataBuffer</name>
         <uninitialized>true</uninitialized>
         <run_address>0x20001080</run_address>
         <size>0x80</size>
      </object_component>
      <object_component id="oc-be">
         <name>.common:pushDataReceiveCallback</name>
         <uninitialized>true</uninitialized>
         <run_address>0x20001234</run_address>
         <size>0x4</size>
      </object_component>
      <object_component id="oc-e7">
         <name>.common:out</name>
         <uninitialized>true</uninitialized>
         <run_address>0x20001100</run_address>
         <size>0x80</size>
      </object_component>
      <object_component id="oc-bd">
         <name>.common:bindTable</name>
         <uninitialized>true</uninitialized>
         <run_address>0x20001200</run_address>
         <size>0x14</size>
      </object_component>
      <object_component id="oc-24">
         <name>.stack</name>
         <uninitialized>true</uninitialized>
         <run_address>0x20000000</run_address>
         <size>0x4</size>
         <input_file_ref idref="fl-d0"/>
      </object_component>
      <object_component id="oc-3b2">
         <name>.stack</name>
         <uninitialized>true</uninitialized>
         <run_address>0x20000000</run_address>
         <size>0x0</size>
      </object_component>
      <object_component id="oc-1b3">
         <name>.debug_info</name>
         <load_address>0x0</load_address>
         <run_address>0x0</run_address>
         <size>0x25e</size>
         <input_file_ref idref="fl-1"/>
      </object_component>
      <object_component id="oc-109">
         <name>.debug_info</name>
         <load_address>0x25e</load_address>
         <run_address>0x25e</run_address>
         <size>0x11b</size>
         <input_file_ref idref="fl-1"/>
      </object_component>
      <object_component id="oc-114">
         <name>.debug_info</name>
         <load_address>0x379</load_address>
         <run_address>0x379</run_address>
         <size>0x26b</size>
         <input_file_ref idref="fl-1"/>
      </object_component>
      <object_component id="oc-42">
         <name>.debug_info</name>
         <load_address>0x5e4</load_address>
         <run_address>0x5e4</run_address>
         <size>0x84</size>
         <input_file_ref idref="fl-1"/>
      </object_component>
      <object_component id="oc-1ab">
         <name>.debug_info</name>
         <load_address>0x668</load_address>
         <run_address>0x668</run_address>
         <size>0x2a4</size>
         <input_file_ref idref="fl-1"/>
      </object_component>
      <object_component id="oc-f4">
         <name>.debug_info</name>
         <load_address>0x90c</load_address>
         <run_address>0x90c</run_address>
         <size>0xbb</size>
         <input_file_ref idref="fl-1"/>
      </object_component>
      <object_component id="oc-182">
         <name>.debug_info</name>
         <load_address>0x9c7</load_address>
         <run_address>0x9c7</run_address>
         <size>0x2f5</size>
         <input_file_ref idref="fl-2"/>
      </object_component>
      <object_component id="oc-d9">
         <name>.debug_info</name>
         <load_address>0xcbc</load_address>
         <run_address>0xcbc</run_address>
         <size>0x111</size>
         <input_file_ref idref="fl-2"/>
      </object_component>
      <object_component id="oc-c7">
         <name>.debug_info</name>
         <load_address>0xdcd</load_address>
         <run_address>0xdcd</run_address>
         <size>0x942</size>
         <input_file_ref idref="fl-2"/>
      </object_component>
      <object_component id="oc-fe">
         <name>.debug_info</name>
         <load_address>0x170f</load_address>
         <run_address>0x170f</run_address>
         <size>0x8a</size>
         <input_file_ref idref="fl-2"/>
      </object_component>
      <object_component id="oc-f9">
         <name>.debug_info</name>
         <load_address>0x1799</load_address>
         <run_address>0x1799</run_address>
         <size>0x8b</size>
         <input_file_ref idref="fl-2"/>
      </object_component>
      <object_component id="oc-162">
         <name>.debug_info</name>
         <load_address>0x1824</load_address>
         <run_address>0x1824</run_address>
         <size>0x2ce</size>
         <input_file_ref idref="fl-3"/>
      </object_component>
      <object_component id="oc-15f">
         <name>.debug_info</name>
         <load_address>0x1af2</load_address>
         <run_address>0x1af2</run_address>
         <size>0x15f</size>
         <input_file_ref idref="fl-3"/>
      </object_component>
      <object_component id="oc-99">
         <name>.debug_info</name>
         <load_address>0x1c51</load_address>
         <run_address>0x1c51</run_address>
         <size>0x6ab</size>
         <input_file_ref idref="fl-3"/>
      </object_component>
      <object_component id="oc-14f">
         <name>.debug_info</name>
         <load_address>0x22fc</load_address>
         <run_address>0x22fc</run_address>
         <size>0x1d5</size>
         <input_file_ref idref="fl-3"/>
      </object_component>
      <object_component id="oc-103">
         <name>.debug_info</name>
         <load_address>0x24d1</load_address>
         <run_address>0x24d1</run_address>
         <size>0x62</size>
         <input_file_ref idref="fl-3"/>
      </object_component>
      <object_component id="oc-cd">
         <name>.debug_info</name>
         <load_address>0x2533</load_address>
         <run_address>0x2533</run_address>
         <size>0x32b</size>
         <input_file_ref idref="fl-4"/>
      </object_component>
      <object_component id="oc-14c">
         <name>.debug_info</name>
         <load_address>0x285e</load_address>
         <run_address>0x285e</run_address>
         <size>0x263</size>
         <input_file_ref idref="fl-5"/>
      </object_component>
      <object_component id="oc-7b">
         <name>.debug_info</name>
         <load_address>0x2ac1</load_address>
         <run_address>0x2ac1</run_address>
         <size>0xfa0</size>
         <input_file_ref idref="fl-5"/>
      </object_component>
      <object_component id="oc-147">
         <name>.debug_info</name>
         <load_address>0x3a61</load_address>
         <run_address>0x3a61</run_address>
         <size>0x88</size>
         <input_file_ref idref="fl-5"/>
      </object_component>
      <object_component id="oc-ae">
         <name>.debug_info</name>
         <load_address>0x3ae9</load_address>
         <run_address>0x3ae9</run_address>
         <size>0x1cf</size>
         <input_file_ref idref="fl-6"/>
      </object_component>
      <object_component id="oc-e2">
         <name>.debug_info</name>
         <load_address>0x3cb8</load_address>
         <run_address>0x3cb8</run_address>
         <size>0x696</size>
         <input_file_ref idref="fl-7"/>
      </object_component>
      <object_component id="oc-10f">
         <name>.debug_info</name>
         <load_address>0x434e</load_address>
         <run_address>0x434e</run_address>
         <size>0xe7</size>
         <input_file_ref idref="fl-7"/>
      </object_component>
      <object_component id="oc-34">
         <name>.debug_info</name>
         <load_address>0x4435</load_address>
         <run_address>0x4435</run_address>
         <size>0x8f8</size>
         <input_file_ref idref="fl-7"/>
      </object_component>
      <object_component id="oc-1bb">
         <name>.debug_info</name>
         <load_address>0x4d2d</load_address>
         <run_address>0x4d2d</run_address>
         <size>0x2c</size>
         <input_file_ref idref="fl-7"/>
      </object_component>
      <object_component id="oc-198">
         <name>.debug_info</name>
         <load_address>0x4d59</load_address>
         <run_address>0x4d59</run_address>
         <size>0x2c</size>
         <input_file_ref idref="fl-7"/>
      </object_component>
      <object_component id="oc-ef">
         <name>.debug_info</name>
         <load_address>0x4d85</load_address>
         <run_address>0x4d85</run_address>
         <size>0x62</size>
         <input_file_ref idref="fl-7"/>
      </object_component>
      <object_component id="oc-159">
         <name>.debug_info</name>
         <load_address>0x4de7</load_address>
         <run_address>0x4de7</run_address>
         <size>0x2d2</size>
         <input_file_ref idref="fl-8"/>
      </object_component>
      <object_component id="oc-156">
         <name>.debug_info</name>
         <load_address>0x50b9</load_address>
         <run_address>0x50b9</run_address>
         <size>0xeb</size>
         <input_file_ref idref="fl-8"/>
      </object_component>
      <object_component id="oc-8d">
         <name>.debug_info</name>
         <load_address>0x51a4</load_address>
         <run_address>0x51a4</run_address>
         <size>0x251</size>
         <input_file_ref idref="fl-8"/>
      </object_component>
      <object_component id="oc-ab">
         <name>.debug_info</name>
         <load_address>0x53f5</load_address>
         <run_address>0x53f5</run_address>
         <size>0xfa5</size>
         <input_file_ref idref="fl-9"/>
      </object_component>
      <object_component id="oc-b4">
         <name>.debug_info</name>
         <load_address>0x639a</load_address>
         <run_address>0x639a</run_address>
         <size>0x2f2</size>
         <input_file_ref idref="fl-9"/>
      </object_component>
      <object_component id="oc-b8">
         <name>.debug_info</name>
         <load_address>0x668c</load_address>
         <run_address>0x668c</run_address>
         <size>0xdd</size>
         <input_file_ref idref="fl-9"/>
      </object_component>
      <object_component id="oc-c0">
         <name>.debug_info</name>
         <load_address>0x6769</load_address>
         <run_address>0x6769</run_address>
         <size>0xd9</size>
         <input_file_ref idref="fl-9"/>
      </object_component>
      <object_component id="oc-c4">
         <name>.debug_info</name>
         <load_address>0x6842</load_address>
         <run_address>0x6842</run_address>
         <size>0xd5</size>
         <input_file_ref idref="fl-9"/>
      </object_component>
      <object_component id="oc-bb">
         <name>.debug_info</name>
         <load_address>0x6917</load_address>
         <run_address>0x6917</run_address>
         <size>0xd2</size>
         <input_file_ref idref="fl-9"/>
      </object_component>
      <object_component id="oc-dc">
         <name>.debug_info</name>
         <load_address>0x69e9</load_address>
         <run_address>0x69e9</run_address>
         <size>0xd3</size>
         <input_file_ref idref="fl-9"/>
      </object_component>
      <object_component id="oc-df">
         <name>.debug_info</name>
         <load_address>0x6abc</load_address>
         <run_address>0x6abc</run_address>
         <size>0xd3</size>
         <input_file_ref idref="fl-9"/>
      </object_component>
      <object_component id="oc-e5">
         <name>.debug_info</name>
         <load_address>0x6b8f</load_address>
         <run_address>0x6b8f</run_address>
         <size>0xd3</size>
         <input_file_ref idref="fl-9"/>
      </object_component>
      <object_component id="oc-e9">
         <name>.debug_info</name>
         <load_address>0x6c62</load_address>
         <run_address>0x6c62</run_address>
         <size>0xd3</size>
         <input_file_ref idref="fl-9"/>
      </object_component>
      <object_component id="oc-ec">
         <name>.debug_info</name>
         <load_address>0x6d35</load_address>
         <run_address>0x6d35</run_address>
         <size>0xd3</size>
         <input_file_ref idref="fl-9"/>
      </object_component>
      <object_component id="oc-2e">
         <name>.debug_info</name>
         <load_address>0x6e08</load_address>
         <run_address>0x6e08</run_address>
         <size>0x1164</size>
         <input_file_ref idref="fl-9"/>
      </object_component>
      <object_component id="oc-16d">
         <name>.debug_info</name>
         <load_address>0x7f6c</load_address>
         <run_address>0x7f6c</run_address>
         <size>0x4c</size>
         <input_file_ref idref="fl-9"/>
      </object_component>
      <object_component id="oc-16c">
         <name>.debug_info</name>
         <load_address>0x7fb8</load_address>
         <run_address>0x7fb8</run_address>
         <size>0x3e2</size>
         <input_file_ref idref="fl-a"/>
      </object_component>
      <object_component id="oc-9f">
         <name>.debug_info</name>
         <load_address>0x839a</load_address>
         <run_address>0x839a</run_address>
         <size>0xd5c</size>
         <input_file_ref idref="fl-a"/>
      </object_component>
      <object_component id="oc-14e">
         <name>.debug_info</name>
         <load_address>0x90f6</load_address>
         <run_address>0x90f6</run_address>
         <size>0x35e</size>
         <input_file_ref idref="fl-b"/>
      </object_component>
      <object_component id="oc-81">
         <name>.debug_info</name>
         <load_address>0x9454</load_address>
         <run_address>0x9454</run_address>
         <size>0xdb9</size>
         <input_file_ref idref="fl-b"/>
      </object_component>
      <object_component id="oc-166">
         <name>.debug_info</name>
         <load_address>0xa20d</load_address>
         <run_address>0xa20d</run_address>
         <size>0x457</size>
         <input_file_ref idref="fl-c"/>
      </object_component>
      <object_component id="oc-a5">
         <name>.debug_info</name>
         <load_address>0xa664</load_address>
         <run_address>0xa664</run_address>
         <size>0x295</size>
         <input_file_ref idref="fl-d"/>
      </object_component>
      <object_component id="oc-3b">
         <name>.debug_info</name>
         <load_address>0xa8f9</load_address>
         <run_address>0xa8f9</run_address>
         <size>0x2fd</size>
         <input_file_ref idref="fl-e"/>
      </object_component>
      <object_component id="oc-13">
         <name>.debug_info</name>
         <load_address>0xabf6</load_address>
         <run_address>0xabf6</run_address>
         <size>0xee</size>
         <input_file_ref idref="fl-e"/>
      </object_component>
      <object_component id="oc-28">
         <name>.debug_info</name>
         <load_address>0xace4</load_address>
         <run_address>0xace4</run_address>
         <size>0x26a</size>
         <input_file_ref idref="fl-e"/>
      </object_component>
      <object_component id="oc-15d">
         <name>.debug_info</name>
         <load_address>0xaf4e</load_address>
         <run_address>0xaf4e</run_address>
         <size>0x264</size>
         <input_file_ref idref="fl-f"/>
      </object_component>
      <object_component id="oc-93">
         <name>.debug_info</name>
         <load_address>0xb1b2</load_address>
         <run_address>0xb1b2</run_address>
         <size>0x34c</size>
         <input_file_ref idref="fl-f"/>
      </object_component>
      <object_component id="oc-87">
         <name>.debug_info</name>
         <load_address>0xb4fe</load_address>
         <run_address>0xb4fe</run_address>
         <size>0x125</size>
         <input_file_ref idref="fl-11"/>
      </object_component>
      <object_component id="oc-197">
         <name>.debug_info</name>
         <load_address>0xb623</load_address>
         <run_address>0xb623</run_address>
         <size>0x333</size>
         <input_file_ref idref="fl-cb"/>
      </object_component>
      <object_component id="oc-d3">
         <name>.debug_info</name>
         <load_address>0xb956</load_address>
         <run_address>0xb956</run_address>
         <size>0x1d1</size>
         <input_file_ref idref="fl-cb"/>
      </object_component>
      <object_component id="oc-18b">
         <name>.debug_info</name>
         <load_address>0xbb27</load_address>
         <run_address>0xbb27</run_address>
         <size>0x18d</size>
         <input_file_ref idref="fl-cb"/>
      </object_component>
      <object_component id="oc-191">
         <name>.debug_info</name>
         <load_address>0xbcb4</load_address>
         <run_address>0xbcb4</run_address>
         <size>0x16d</size>
         <input_file_ref idref="fl-cb"/>
      </object_component>
      <object_component id="oc-2f8">
         <name>.debug_info</name>
         <load_address>0xbe21</load_address>
         <run_address>0xbe21</run_address>
         <size>0x2c</size>
         <input_file_ref idref="fl-cb"/>
      </object_component>
      <object_component id="oc-48">
         <name>.debug_info</name>
         <load_address>0xbe4d</load_address>
         <run_address>0xbe4d</run_address>
         <size>0x119</size>
         <input_file_ref idref="fl-cc"/>
      </object_component>
      <object_component id="oc-12d">
         <name>.debug_info</name>
         <load_address>0xbf66</load_address>
         <run_address>0xbf66</run_address>
         <size>0x2d4</size>
         <input_file_ref idref="fl-cd"/>
      </object_component>
      <object_component id="oc-54">
         <name>.debug_info</name>
         <load_address>0xc23a</load_address>
         <run_address>0xc23a</run_address>
         <size>0x1d2</size>
         <input_file_ref idref="fl-cd"/>
      </object_component>
      <object_component id="oc-128">
         <name>.debug_info</name>
         <load_address>0xc40c</load_address>
         <run_address>0xc40c</run_address>
         <size>0x46</size>
         <input_file_ref idref="fl-cd"/>
      </object_component>
      <object_component id="oc-52">
         <name>.debug_info</name>
         <load_address>0xc452</load_address>
         <run_address>0xc452</run_address>
         <size>0x2a8</size>
         <input_file_ref idref="fl-ce"/>
      </object_component>
      <object_component id="oc-1c">
         <name>.debug_info</name>
         <load_address>0xc6fa</load_address>
         <run_address>0xc6fa</run_address>
         <size>0x1ea</size>
         <input_file_ref idref="fl-ce"/>
      </object_component>
      <object_component id="oc-4d">
         <name>.debug_info</name>
         <load_address>0xc8e4</load_address>
         <run_address>0xc8e4</run_address>
         <size>0x46</size>
         <input_file_ref idref="fl-ce"/>
      </object_component>
      <object_component id="oc-120">
         <name>.debug_info</name>
         <load_address>0xc92a</load_address>
         <run_address>0xc92a</run_address>
         <size>0x2c</size>
         <input_file_ref idref="fl-ce"/>
      </object_component>
      <object_component id="oc-11e">
         <name>.debug_info</name>
         <load_address>0xc956</load_address>
         <run_address>0xc956</run_address>
         <size>0x29e</size>
         <input_file_ref idref="fl-cf"/>
      </object_component>
      <object_component id="oc-16">
         <name>.debug_info</name>
         <load_address>0xcbf4</load_address>
         <run_address>0xcbf4</run_address>
         <size>0x250</size>
         <input_file_ref idref="fl-cf"/>
      </object_component>
      <object_component id="oc-3d">
         <name>.debug_info</name>
         <load_address>0xce44</load_address>
         <run_address>0xce44</run_address>
         <size>0x60</size>
         <input_file_ref idref="fl-cf"/>
      </object_component>
      <object_component id="oc-1b4">
         <name>.debug_info</name>
         <load_address>0xcea4</load_address>
         <run_address>0xcea4</run_address>
         <size>0x46</size>
         <input_file_ref idref="fl-cf"/>
      </object_component>
      <object_component id="oc-119">
         <name>.debug_info</name>
         <load_address>0xceea</load_address>
         <run_address>0xceea</run_address>
         <size>0x39</size>
         <input_file_ref idref="fl-cf"/>
      </object_component>
      <object_component id="oc-25">
         <name>.debug_info</name>
         <load_address>0xcf23</load_address>
         <run_address>0xcf23</run_address>
         <size>0x10b</size>
         <input_file_ref idref="fl-d0"/>
      </object_component>
      <object_component id="oc-66">
         <name>.debug_info</name>
         <load_address>0xd02e</load_address>
         <run_address>0xd02e</run_address>
         <size>0x1a9</size>
         <input_file_ref idref="fl-d0"/>
      </object_component>
      <object_component id="oc-257">
         <name>.debug_info</name>
         <load_address>0xd1d7</load_address>
         <run_address>0xd1d7</run_address>
         <size>0x590</size>
         <input_file_ref idref="fl-d1"/>
      </object_component>
      <object_component id="oc-222">
         <name>.debug_info</name>
         <load_address>0xd767</load_address>
         <run_address>0xd767</run_address>
         <size>0x21e</size>
         <input_file_ref idref="fl-d1"/>
      </object_component>
      <object_component id="oc-2bb">
         <name>.debug_info</name>
         <load_address>0xd985</load_address>
         <run_address>0xd985</run_address>
         <size>0x1b3</size>
         <input_file_ref idref="fl-d1"/>
      </object_component>
      <object_component id="oc-2c1">
         <name>.debug_info</name>
         <load_address>0xdb38</load_address>
         <run_address>0xdb38</run_address>
         <size>0x21b</size>
         <input_file_ref idref="fl-d1"/>
      </object_component>
      <object_component id="oc-22d">
         <name>.debug_info</name>
         <load_address>0xdd53</load_address>
         <run_address>0xdd53</run_address>
         <size>0x3c0</size>
         <input_file_ref idref="fl-d1"/>
      </object_component>
      <object_component id="oc-2c8">
         <name>.debug_info</name>
         <load_address>0xe113</load_address>
         <run_address>0xe113</run_address>
         <size>0x30a</size>
         <input_file_ref idref="fl-d1"/>
      </object_component>
      <object_component id="oc-2ce">
         <name>.debug_info</name>
         <load_address>0xe41d</load_address>
         <run_address>0xe41d</run_address>
         <size>0x215</size>
         <input_file_ref idref="fl-d1"/>
      </object_component>
      <object_component id="oc-233">
         <name>.debug_info</name>
         <load_address>0xe632</load_address>
         <run_address>0xe632</run_address>
         <size>0x215</size>
         <input_file_ref idref="fl-d1"/>
      </object_component>
      <object_component id="oc-239">
         <name>.debug_info</name>
         <load_address>0xe847</load_address>
         <run_address>0xe847</run_address>
         <size>0x304</size>
         <input_file_ref idref="fl-d1"/>
      </object_component>
      <object_component id="oc-23f">
         <name>.debug_info</name>
         <load_address>0xeb4b</load_address>
         <run_address>0xeb4b</run_address>
         <size>0x4b5</size>
         <input_file_ref idref="fl-d1"/>
      </object_component>
      <object_component id="oc-185">
         <name>.debug_info</name>
         <load_address>0xf000</load_address>
         <run_address>0xf000</run_address>
         <size>0x5f4</size>
         <input_file_ref idref="fl-d1"/>
      </object_component>
      <object_component id="oc-258">
         <name>.debug_info</name>
         <load_address>0xf5f4</load_address>
         <run_address>0xf5f4</run_address>
         <size>0x86</size>
         <input_file_ref idref="fl-d1"/>
      </object_component>
      <object_component id="oc-2fd">
         <name>.debug_info</name>
         <load_address>0xf67a</load_address>
         <run_address>0xf67a</run_address>
         <size>0x39</size>
         <input_file_ref idref="fl-d1"/>
      </object_component>
      <object_component id="oc-35f">
         <name>.debug_info</name>
         <load_address>0xf6b3</load_address>
         <run_address>0xf6b3</run_address>
         <size>0xb6</size>
         <input_file_ref idref="fl-d1"/>
      </object_component>
      <object_component id="oc-302">
         <name>.debug_info</name>
         <load_address>0xf769</load_address>
         <run_address>0xf769</run_address>
         <size>0x46</size>
         <input_file_ref idref="fl-d1"/>
      </object_component>
      <object_component id="oc-25d">
         <name>.debug_info</name>
         <load_address>0xf7af</load_address>
         <run_address>0xf7af</run_address>
         <size>0x46</size>
         <input_file_ref idref="fl-d1"/>
      </object_component>
      <object_component id="oc-12f">
         <name>.debug_info</name>
         <load_address>0xf7f5</load_address>
         <run_address>0xf7f5</run_address>
         <size>0x147</size>
         <input_file_ref idref="fl-d2"/>
      </object_component>
      <object_component id="oc-2b6">
         <name>.debug_info</name>
         <load_address>0xf93c</load_address>
         <run_address>0xf93c</run_address>
         <size>0x14c</size>
         <input_file_ref idref="fl-d3"/>
      </object_component>
      <object_component id="oc-228">
         <name>.debug_info</name>
         <load_address>0xfa88</load_address>
         <run_address>0xfa88</run_address>
         <size>0x128</size>
         <input_file_ref idref="fl-d4"/>
      </object_component>
      <object_component id="oc-2a1">
         <name>.debug_info</name>
         <load_address>0xfbb0</load_address>
         <run_address>0xfbb0</run_address>
         <size>0x12a</size>
         <input_file_ref idref="fl-d4"/>
      </object_component>
      <object_component id="oc-29c">
         <name>.debug_info</name>
         <load_address>0xfcda</load_address>
         <run_address>0xfcda</run_address>
         <size>0x13a</size>
         <input_file_ref idref="fl-d5"/>
      </object_component>
      <object_component id="oc-297">
         <name>.debug_info</name>
         <load_address>0xfe14</load_address>
         <run_address>0xfe14</run_address>
         <size>0x13a</size>
         <input_file_ref idref="fl-d6"/>
      </object_component>
      <object_component id="oc-2a6">
         <name>.debug_info</name>
         <load_address>0xff4e</load_address>
         <run_address>0xff4e</run_address>
         <size>0x12e</size>
         <input_file_ref idref="fl-d7"/>
      </object_component>
      <object_component id="oc-2b1">
         <name>.debug_info</name>
         <load_address>0x1007c</load_address>
         <run_address>0x1007c</run_address>
         <size>0x12c</size>
         <input_file_ref idref="fl-d8"/>
      </object_component>
      <object_component id="oc-290">
         <name>.debug_info</name>
         <load_address>0x101a8</load_address>
         <run_address>0x101a8</run_address>
         <size>0x134</size>
         <input_file_ref idref="fl-d9"/>
      </object_component>
      <object_component id="oc-273">
         <name>.debug_info</name>
         <load_address>0x102dc</load_address>
         <run_address>0x102dc</run_address>
         <size>0x4b3</size>
         <input_file_ref idref="fl-da"/>
      </object_component>
      <object_component id="oc-1d1">
         <name>.debug_info</name>
         <load_address>0x1078f</load_address>
         <run_address>0x1078f</run_address>
         <size>0x1a6</size>
         <input_file_ref idref="fl-da"/>
      </object_component>
      <object_component id="oc-317">
         <name>.debug_info</name>
         <load_address>0x10935</load_address>
         <run_address>0x10935</run_address>
         <size>0x39</size>
         <input_file_ref idref="fl-da"/>
      </object_component>
      <object_component id="oc-367">
         <name>.debug_info</name>
         <load_address>0x1096e</load_address>
         <run_address>0x1096e</run_address>
         <size>0x39</size>
         <input_file_ref idref="fl-da"/>
      </object_component>
      <object_component id="oc-31c">
         <name>.debug_info</name>
         <load_address>0x109a7</load_address>
         <run_address>0x109a7</run_address>
         <size>0x39</size>
         <input_file_ref idref="fl-da"/>
      </object_component>
      <object_component id="oc-321">
         <name>.debug_info</name>
         <load_address>0x109e0</load_address>
         <run_address>0x109e0</run_address>
         <size>0xcd</size>
         <input_file_ref idref="fl-da"/>
      </object_component>
      <object_component id="oc-135">
         <name>.debug_info</name>
         <load_address>0x10aad</load_address>
         <run_address>0x10aad</run_address>
         <size>0x153</size>
         <input_file_ref idref="fl-db"/>
      </object_component>
      <object_component id="oc-1c5">
         <name>.debug_info</name>
         <load_address>0x10c00</load_address>
         <run_address>0x10c00</run_address>
         <size>0x122</size>
         <input_file_ref idref="fl-dd"/>
      </object_component>
      <object_component id="oc-33a">
         <name>.debug_info</name>
         <load_address>0x10d22</load_address>
         <run_address>0x10d22</run_address>
         <size>0x29c</size>
         <input_file_ref idref="fl-df"/>
      </object_component>
      <object_component id="oc-2ab">
         <name>.debug_info</name>
         <load_address>0x10fbe</load_address>
         <run_address>0x10fbe</run_address>
         <size>0x1da</size>
         <input_file_ref idref="fl-df"/>
      </object_component>
      <object_component id="oc-28e">
         <name>.debug_info</name>
         <load_address>0x11198</load_address>
         <run_address>0x11198</run_address>
         <size>0x2b9</size>
         <input_file_ref idref="fl-e1"/>
      </object_component>
      <object_component id="oc-21c">
         <name>.debug_info</name>
         <load_address>0x11451</load_address>
         <run_address>0x11451</run_address>
         <size>0x17c</size>
         <input_file_ref idref="fl-e1"/>
      </object_component>
      <object_component id="oc-32c">
         <name>.debug_info</name>
         <load_address>0x115cd</load_address>
         <run_address>0x115cd</run_address>
         <size>0xf9</size>
         <input_file_ref idref="fl-e2"/>
      </object_component>
      <object_component id="oc-28b">
         <name>.debug_info</name>
         <load_address>0x116c6</load_address>
         <run_address>0x116c6</run_address>
         <size>0x105</size>
         <input_file_ref idref="fl-e2"/>
      </object_component>
      <object_component id="oc-2e9">
         <name>.debug_info</name>
         <load_address>0x117cb</load_address>
         <run_address>0x117cb</run_address>
         <size>0x2a7</size>
         <input_file_ref idref="fl-e3"/>
      </object_component>
      <object_component id="oc-245">
         <name>.debug_info</name>
         <load_address>0x11a72</load_address>
         <run_address>0x11a72</run_address>
         <size>0x1b8</size>
         <input_file_ref idref="fl-e3"/>
      </object_component>
      <object_component id="oc-351">
         <name>.debug_info</name>
         <load_address>0x11c2a</load_address>
         <run_address>0x11c2a</run_address>
         <size>0x29a</size>
         <input_file_ref idref="fl-e4"/>
      </object_component>
      <object_component id="oc-2e2">
         <name>.debug_info</name>
         <load_address>0x11ec4</load_address>
         <run_address>0x11ec4</run_address>
         <size>0x262</size>
         <input_file_ref idref="fl-e4"/>
      </object_component>
      <object_component id="oc-289">
         <name>.debug_info</name>
         <load_address>0x12126</load_address>
         <run_address>0x12126</run_address>
         <size>0x28f</size>
         <input_file_ref idref="fl-e5"/>
      </object_component>
      <object_component id="oc-216">
         <name>.debug_info</name>
         <load_address>0x123b5</load_address>
         <run_address>0x123b5</run_address>
         <size>0x245</size>
         <input_file_ref idref="fl-e5"/>
      </object_component>
      <object_component id="oc-2f5">
         <name>.debug_info</name>
         <load_address>0x125fa</load_address>
         <run_address>0x125fa</run_address>
         <size>0x289</size>
         <input_file_ref idref="fl-e6"/>
      </object_component>
      <object_component id="oc-2f2">
         <name>.debug_info</name>
         <load_address>0x12883</load_address>
         <run_address>0x12883</run_address>
         <size>0x10e</size>
         <input_file_ref idref="fl-e6"/>
      </object_component>
      <object_component id="oc-251">
         <name>.debug_info</name>
         <load_address>0x12991</load_address>
         <run_address>0x12991</run_address>
         <size>0x14e</size>
         <input_file_ref idref="fl-e6"/>
      </object_component>
      <object_component id="oc-342">
         <name>.debug_info</name>
         <load_address>0x12adf</load_address>
         <run_address>0x12adf</run_address>
         <size>0x29a</size>
         <input_file_ref idref="fl-e7"/>
      </object_component>
      <object_component id="oc-2d6">
         <name>.debug_info</name>
         <load_address>0x12d79</load_address>
         <run_address>0x12d79</run_address>
         <size>0x195</size>
         <input_file_ref idref="fl-e7"/>
      </object_component>
      <object_component id="oc-37a">
         <name>.debug_info</name>
         <load_address>0x12f0e</load_address>
         <run_address>0x12f0e</run_address>
         <size>0x39</size>
         <input_file_ref idref="fl-e7"/>
      </object_component>
      <object_component id="oc-343">
         <name>.debug_info</name>
         <load_address>0x12f47</load_address>
         <run_address>0x12f47</run_address>
         <size>0x2c</size>
         <input_file_ref idref="fl-e7"/>
      </object_component>
      <object_component id="oc-34f">
         <name>.debug_info</name>
         <load_address>0x12f73</load_address>
         <run_address>0x12f73</run_address>
         <size>0x2fd</size>
         <input_file_ref idref="fl-e8"/>
      </object_component>
      <object_component id="oc-2df">
         <name>.debug_info</name>
         <load_address>0x13270</load_address>
         <run_address>0x13270</run_address>
         <size>0x225</size>
         <input_file_ref idref="fl-e8"/>
      </object_component>
      <object_component id="oc-2f0">
         <name>.debug_info</name>
         <load_address>0x13495</load_address>
         <run_address>0x13495</run_address>
         <size>0x28f</size>
         <input_file_ref idref="fl-e9"/>
      </object_component>
      <object_component id="oc-24b">
         <name>.debug_info</name>
         <load_address>0x13724</load_address>
         <run_address>0x13724</run_address>
         <size>0x15a</size>
         <input_file_ref idref="fl-e9"/>
      </object_component>
      <object_component id="oc-354">
         <name>.debug_info</name>
         <load_address>0x1387e</load_address>
         <run_address>0x1387e</run_address>
         <size>0x46</size>
         <input_file_ref idref="fl-e9"/>
      </object_component>
      <object_component id="oc-2eb">
         <name>.debug_info</name>
         <load_address>0x138c4</load_address>
         <run_address>0x138c4</run_address>
         <size>0x39</size>
         <input_file_ref idref="fl-e9"/>
      </object_component>
      <object_component id="oc-330">
         <name>.debug_info</name>
         <load_address>0x138fd</load_address>
         <run_address>0x138fd</run_address>
         <size>0x115</size>
         <input_file_ref idref="fl-ea"/>
      </object_component>
      <object_component id="oc-349">
         <name>.debug_info</name>
         <load_address>0x13a12</load_address>
         <run_address>0x13a12</run_address>
         <size>0x161</size>
         <input_file_ref idref="fl-eb"/>
      </object_component>
      <object_component id="oc-3b3">
         <name>.debug_info</name>
         <load_address>0x13b73</load_address>
         <run_address>0x13b73</run_address>
         <size>0xa1</size>
      </object_component>
      <object_component id="oc-267">
         <name>.debug_line</name>
         <load_address>0x0</load_address>
         <run_address>0x0</run_address>
         <size>0x20</size>
         <input_file_ref idref="fl-1"/>
      </object_component>
      <object_component id="oc-10c">
         <name>.debug_line</name>
         <load_address>0x20</load_address>
         <run_address>0x20</run_address>
         <size>0x43</size>
         <input_file_ref idref="fl-1"/>
      </object_component>
      <object_component id="oc-117">
         <name>.debug_line</name>
         <load_address>0x63</load_address>
         <run_address>0x63</run_address>
         <size>0x7a</size>
         <input_file_ref idref="fl-1"/>
      </object_component>
      <object_component id="oc-45">
         <name>.debug_line</name>
         <load_address>0xdd</load_address>
         <run_address>0xdd</run_address>
         <size>0x20</size>
         <input_file_ref idref="fl-1"/>
      </object_component>
      <object_component id="oc-1ae">
         <name>.debug_line</name>
         <load_address>0xfd</load_address>
         <run_address>0xfd</run_address>
         <size>0x7e</size>
         <input_file_ref idref="fl-1"/>
      </object_component>
      <object_component id="oc-f7">
         <name>.debug_line</name>
         <load_address>0x17b</load_address>
         <run_address>0x17b</run_address>
         <size>0x7b</size>
         <input_file_ref idref="fl-1"/>
      </object_component>
      <object_component id="oc-214">
         <name>.debug_line</name>
         <load_address>0x1f6</load_address>
         <run_address>0x1f6</run_address>
         <size>0x2e</size>
         <input_file_ref idref="fl-2"/>
      </object_component>
      <object_component id="oc-19e">
         <name>.debug_line</name>
         <load_address>0x224</load_address>
         <run_address>0x224</run_address>
         <size>0x42</size>
         <input_file_ref idref="fl-2"/>
      </object_component>
      <object_component id="oc-ca">
         <name>.debug_line</name>
         <load_address>0x266</load_address>
         <run_address>0x266</run_address>
         <size>0x235</size>
         <input_file_ref idref="fl-2"/>
      </object_component>
      <object_component id="oc-101">
         <name>.debug_line</name>
         <load_address>0x49b</load_address>
         <run_address>0x49b</run_address>
         <size>0x42</size>
         <input_file_ref idref="fl-2"/>
      </object_component>
      <object_component id="oc-fc">
         <name>.debug_line</name>
         <load_address>0x4dd</load_address>
         <run_address>0x4dd</run_address>
         <size>0x20</size>
         <input_file_ref idref="fl-2"/>
      </object_component>
      <object_component id="oc-20f">
         <name>.debug_line</name>
         <load_address>0x4fd</load_address>
         <run_address>0x4fd</run_address>
         <size>0x2f</size>
         <input_file_ref idref="fl-3"/>
      </object_component>
      <object_component id="oc-20d">
         <name>.debug_line</name>
         <load_address>0x52c</load_address>
         <run_address>0x52c</run_address>
         <size>0x2f</size>
         <input_file_ref idref="fl-3"/>
      </object_component>
      <object_component id="oc-9c">
         <name>.debug_line</name>
         <load_address>0x55b</load_address>
         <run_address>0x55b</run_address>
         <size>0x1b6</size>
         <input_file_ref idref="fl-3"/>
      </object_component>
      <object_component id="oc-152">
         <name>.debug_line</name>
         <load_address>0x711</load_address>
         <run_address>0x711</run_address>
         <size>0x31</size>
         <input_file_ref idref="fl-3"/>
      </object_component>
      <object_component id="oc-106">
         <name>.debug_line</name>
         <load_address>0x742</load_address>
         <run_address>0x742</run_address>
         <size>0x2f</size>
         <input_file_ref idref="fl-3"/>
      </object_component>
      <object_component id="oc-d0">
         <name>.debug_line</name>
         <load_address>0x771</load_address>
         <run_address>0x771</run_address>
         <size>0x9f</size>
         <input_file_ref idref="fl-4"/>
      </object_component>
      <object_component id="oc-203">
         <name>.debug_line</name>
         <load_address>0x810</load_address>
         <run_address>0x810</run_address>
         <size>0x20</size>
         <input_file_ref idref="fl-5"/>
      </object_component>
      <object_component id="oc-7e">
         <name>.debug_line</name>
         <load_address>0x830</load_address>
         <run_address>0x830</run_address>
         <size>0x39a</size>
         <input_file_ref idref="fl-5"/>
      </object_component>
      <object_component id="oc-14a">
         <name>.debug_line</name>
         <load_address>0xbca</load_address>
         <run_address>0xbca</run_address>
         <size>0x2d</size>
         <input_file_ref idref="fl-5"/>
      </object_component>
      <object_component id="oc-b1">
         <name>.debug_line</name>
         <load_address>0xbf7</load_address>
         <run_address>0xbf7</run_address>
         <size>0x65</size>
         <input_file_ref idref="fl-6"/>
      </object_component>
      <object_component id="oc-1a4">
         <name>.debug_line</name>
         <load_address>0xc5c</load_address>
         <run_address>0xc5c</run_address>
         <size>0xe6</size>
         <input_file_ref idref="fl-7"/>
      </object_component>
      <object_component id="oc-1b2">
         <name>.debug_line</name>
         <load_address>0xd42</load_address>
         <run_address>0xd42</run_address>
         <size>0x2d</size>
         <input_file_ref idref="fl-7"/>
      </object_component>
      <object_component id="oc-37">
         <name>.debug_line</name>
         <load_address>0xd6f</load_address>
         <run_address>0xd6f</run_address>
         <size>0x25e</size>
         <input_file_ref idref="fl-7"/>
      </object_component>
      <object_component id="oc-1be">
         <name>.debug_line</name>
         <load_address>0xfcd</load_address>
         <run_address>0xfcd</run_address>
         <size>0x76</size>
         <input_file_ref idref="fl-7"/>
      </object_component>
      <object_component id="oc-19b">
         <name>.debug_line</name>
         <load_address>0x1043</load_address>
         <run_address>0x1043</run_address>
         <size>0x76</size>
         <input_file_ref idref="fl-7"/>
      </object_component>
      <object_component id="oc-f2">
         <name>.debug_line</name>
         <load_address>0x10b9</load_address>
         <run_address>0x10b9</run_address>
         <size>0x35</size>
         <input_file_ref idref="fl-7"/>
      </object_component>
      <object_component id="oc-209">
         <name>.debug_line</name>
         <load_address>0x10ee</load_address>
         <run_address>0x10ee</run_address>
         <size>0x35</size>
         <input_file_ref idref="fl-8"/>
      </object_component>
      <object_component id="oc-207">
         <name>.debug_line</name>
         <load_address>0x1123</load_address>
         <run_address>0x1123</run_address>
         <size>0x35</size>
         <input_file_ref idref="fl-8"/>
      </object_component>
      <object_component id="oc-90">
         <name>.debug_line</name>
         <load_address>0x1158</load_address>
         <run_address>0x1158</run_address>
         <size>0xb2</size>
         <input_file_ref idref="fl-8"/>
      </object_component>
      <object_component id="oc-174">
         <name>.debug_line</name>
         <load_address>0x120a</load_address>
         <run_address>0x120a</run_address>
         <size>0x157</size>
         <input_file_ref idref="fl-9"/>
      </object_component>
      <object_component id="oc-177">
         <name>.debug_line</name>
         <load_address>0x1361</load_address>
         <run_address>0x1361</run_address>
         <size>0x30</size>
         <input_file_ref idref="fl-9"/>
      </object_component>
      <object_component id="oc-179">
         <name>.debug_line</name>
         <load_address>0x1391</load_address>
         <run_address>0x1391</run_address>
         <size>0x30</size>
         <input_file_ref idref="fl-9"/>
      </object_component>
      <object_component id="oc-17e">
         <name>.debug_line</name>
         <load_address>0x13c1</load_address>
         <run_address>0x13c1</run_address>
         <size>0x30</size>
         <input_file_ref idref="fl-9"/>
      </object_component>
      <object_component id="oc-180">
         <name>.debug_line</name>
         <load_address>0x13f1</load_address>
         <run_address>0x13f1</run_address>
         <size>0x30</size>
         <input_file_ref idref="fl-9"/>
      </object_component>
      <object_component id="oc-17b">
         <name>.debug_line</name>
         <load_address>0x1421</load_address>
         <run_address>0x1421</run_address>
         <size>0x30</size>
         <input_file_ref idref="fl-9"/>
      </object_component>
      <object_component id="oc-1a0">
         <name>.debug_line</name>
         <load_address>0x1451</load_address>
         <run_address>0x1451</run_address>
         <size>0x30</size>
         <input_file_ref idref="fl-9"/>
      </object_component>
      <object_component id="oc-1a2">
         <name>.debug_line</name>
         <load_address>0x1481</load_address>
         <run_address>0x1481</run_address>
         <size>0x30</size>
         <input_file_ref idref="fl-9"/>
      </object_component>
      <object_component id="oc-1a6">
         <name>.debug_line</name>
         <load_address>0x14b1</load_address>
         <run_address>0x14b1</run_address>
         <size>0x30</size>
         <input_file_ref idref="fl-9"/>
      </object_component>
      <object_component id="oc-1a8">
         <name>.debug_line</name>
         <load_address>0x14e1</load_address>
         <run_address>0x14e1</run_address>
         <size>0x30</size>
         <input_file_ref idref="fl-9"/>
      </object_component>
      <object_component id="oc-1aa">
         <name>.debug_line</name>
         <load_address>0x1511</load_address>
         <run_address>0x1511</run_address>
         <size>0x30</size>
         <input_file_ref idref="fl-9"/>
      </object_component>
      <object_component id="oc-31">
         <name>.debug_line</name>
         <load_address>0x1541</load_address>
         <run_address>0x1541</run_address>
         <size>0x3ad</size>
         <input_file_ref idref="fl-9"/>
      </object_component>
      <object_component id="oc-170">
         <name>.debug_line</name>
         <load_address>0x18ee</load_address>
         <run_address>0x18ee</run_address>
         <size>0x31</size>
         <input_file_ref idref="fl-9"/>
      </object_component>
      <object_component id="oc-212">
         <name>.debug_line</name>
[...]
      </symbol>
      <symbol id="sm-37e">
         <name>timeIndex</name>
         <value>0x20001274</value>
         <object_component_ref idref="oc-b3"/>
      </symbol>
      <symbol id="sm-37f">
         <name>registerPushDataCallback</name>
         <value>0x4eb</value>
         <object_component_ref idref="oc-2d"/>
      </symbol>
      <symbol id="sm-380">
         <name>initHw</name>
         <value>0x26d</value>
         <object_component_ref idref="oc-2d"/>
      </symbol>
      <symbol id="sm-381">
         <name>receivedDevCap</name>
         <value>0x2000127d</value>
         <object_component_ref idref="oc-b3"/>
      </symbol>
      <symbol id="sm-382">
         <name>topicIds</name>
         <value>0x20001296</value>
         <object_component_ref idref="oc-c3"/>
      </symbol>
      <symbol id="sm-383">
         <name>isPressed</name>
         <value>0x20001280</value>
         <object_component_ref idref="oc-b3"/>
      </symbol>
      <symbol id="sm-384">
         <name>initPushButton</name>
         <value>0x28f</value>
         <object_component_ref idref="oc-2d"/>
      </symbol>
      <symbol id="sm-385">
         <name>timer0Isr</name>
         <value>0x2b1</value>
         <object_component_ref idref="oc-2d"/>
      </symbol>
      <symbol id="sm-386">
         <name>letJoin</name>
         <value>0x20001278</value>
         <object_component_ref idref="oc-b3"/>
      </symbol>
      <symbol id="sm-387">
         <name>topicNames</name>
         <value>0x2000123c</value>
         <object_component_ref idref="oc-bf"/>
      </symbol>
      <symbol id="sm-388">
         <name>deviceDataLength</name>
         <value>0x2000127f</value>
         <object_component_ref idref="oc-b3"/>
      </symbol>
      <symbol id="sm-389">
         <name>commsReceive</name>
         <value>0x665</value>
         <object_component_ref idref="oc-2d"/>
      </symbol>
      <symbol id="sm-38a">
         <name>bindIndex</name>
         <value>0x20001281</value>
         <object_component_ref idref="oc-b3"/>
      </symbol>
      <symbol id="sm-38b">
         <name>dataReceivedIndex</name>
         <value>0x2000127c</value>
         <object_component_ref idref="oc-b3"/>
      </symbol>
      <symbol id="sm-38c">
         <name>emptynoti</name>
         <value>0x20001279</value>
         <object_component_ref idref="oc-b3"/>
      </symbol>
      <symbol id="sm-38d">
         <name>bridgeMode</name>
         <value>0x2000127a</value>
         <object_component_ref idref="oc-b3"/>
      </symbol>
      <symbol id="sm-38e">
         <name>receivedBridgeAddress</name>
         <value>0x2000127e</value>
         <object_component_ref idref="oc-b3"/>
      </symbol>
      <symbol id="sm-38f">
         <name>slottedTimes</name>
         <value>0x20001264</value>
         <object_component_ref idref="oc-b7"/>
      </symbol>
      <symbol id="sm-390">
         <name>globalOffset</name>
         <value>0x2000127b</value>
         <object_component_ref idref="oc-b3"/>
      </symbol>
      <symbol id="sm-391">
         <name>tmp</name>
         <value>0x4fb</value>
         <object_component_ref idref="oc-2d"/>
      </symbol>
      <symbol id="sm-392">
         <name>joinPressed</name>
         <value>0x20001277</value>
         <object_component_ref idref="oc-b3"/>
      </symbol>
      <symbol id="sm-393">
         <name>initNetwork</name>
         <value>0x515</value>
         <object_component_ref idref="oc-2d"/>
      </symbol>
      <symbol id="sm-394">
         <name>bridgeReceivePushData</name>
         <value>0x477</value>
         <object_component_ref idref="oc-2d"/>
      </symbol>
      <symbol id="sm-395">
         <name>getMode</name>
         <value>0x509</value>
         <object_component_ref idref="oc-2d"/>
      </symbol>
      <symbol id="sm-396">
         <name>accessSlot</name>
         <value>0x20001276</value>
         <object_component_ref idref="oc-b3"/>
      </symbol>
      <symbol id="sm-397">
         <name>backoffCounter</name>
         <value>0x20001275</value>
         <object_component_ref idref="oc-b3"/>
      </symbol>
      <symbol id="sm-3c4">
         <name>rfReadRegister</name>
         <value>0x2ddd</value>
         <object_component_ref idref="oc-9e"/>
      </symbol>
      <symbol id="sm-3c5">
         <name>rfWriteRegister</name>
         <value>0x2dad</value>
         <object_component_ref idref="oc-9e"/>
      </symbol>
      <symbol id="sm-3c6">
         <name>chipEnable</name>
         <value>0x2d6d</value>
         <object_component_ref idref="oc-9e"/>
      </symbol>
      <symbol id="sm-3c7">
         <name>rfSendBuffer</name>
         <value>0x3023</value>
         <object_component_ref idref="oc-9e"/>
      </symbol>
      <symbol id="sm-3c8">
         <name>rfCsOff</name>
         <value>0x2d89</value>
         <object_component_ref idref="oc-9e"/>
      </symbol>
      <symbol id="sm-3c9">
         <name>chipDisable</name>
         <value>0x2d7b</value>
         <object_component_ref idref="oc-9e"/>
      </symbol>
      <symbol id="sm-3ca">
         <name>rfReadIntoBuffer</name>
         <value>0x2e11</value>
         <object_component_ref idref="oc-9e"/>
      </symbol>
      <symbol id="sm-3cb">
         <name>rfCsOn</name>
         <value>0x2d9f</value>
         <object_component_ref idref="oc-9e"/>
      </symbol>
      <symbol id="sm-3cc">
         <name>rfSetMode</name>
         <value>0x2ee9</value>
         <object_component_ref idref="oc-9e"/>
      </symbol>
      <symbol id="sm-3cd">
         <name>rfIsDataAvailable</name>
         <value>0x2f87</value>
         <object_component_ref idref="oc-9e"/>
      </symbol>
      <symbol id="sm-3ce">
         <name>rfReceiveBuffer</name>
         <value>0x2fa1</value>
         <object_component_ref idref="oc-9e"/>
      </symbol>
      <symbol id="sm-3cf">
         <name>rfSetAddress</name>
         <value>0x2e69</value>
         <object_component_ref idref="oc-9e"/>
      </symbol>
      <symbol id="sm-3d0">
         <name>initNrf24l01</name>
         <value>0x2f5d</value>
         <object_component_ref idref="oc-9e"/>
      </symbol>
      <symbol id="sm-3d1">
         <name>rfSetFrequency</name>
         <value>0x2ecf</value>
         <object_component_ref idref="oc-9e"/>
      </symbol>
      <symbol id="sm-404">
         <name>sendJoinRequest</name>
         <value>0x295b</value>
         <object_component_ref idref="oc-80"/>
      </symbol>
      <symbol id="sm-405">
         <name>isJoinRequest</name>
         <value>0x299d</value>
         <object_component_ref idref="oc-80"/>
      </symbol>
      <symbol id="sm-406">
         <name>sendJoinResponse</name>
         <value>0x29c1</value>
         <object_component_ref idref="oc-80"/>
      </symbol>
      <symbol id="sm-407">
         <name>sendPingResponse</name>
         <value>0x2c4b</value>
         <object_component_ref idref="oc-80"/>
      </symbol>
      <symbol id="sm-408">
         <name>assembleDevCaps</name>
         <value>0x2a3f</value>
         <object_component_ref idref="oc-80"/>
      </symbol>
      <symbol id="sm-409">
         <name>isPingRequest</name>
         <value>0x2c1f</value>
         <object_component_ref idref="oc-80"/>
      </symbol>
      <symbol id="sm-40a">
         <name>isDevCaps</name>
         <value>0x2b97</value>
         <object_component_ref idref="oc-80"/>
      </symbol>
      <symbol id="sm-40b">
         <name>isPushData</name>
         <value>0x2d37</value>
         <object_component_ref idref="oc-80"/>
      </symbol>
      <symbol id="sm-40c">
         <name>sendSync</name>
         <value>0x28f3</value>
         <object_component_ref idref="oc-80"/>
      </symbol>
      <symbol id="sm-40d">
         <name>sendPingRequest</name>
         <value>0x2be3</value>
         <object_component_ref idref="oc-80"/>
      </symbol>
      <symbol id="sm-40e">
         <name>pushData</name>
         <value>0x2cb9</value>
         <object_component_ref idref="oc-80"/>
      </symbol>
      <symbol id="sm-40f">
         <name>isPingResponse</name>
         <value>0x2c8d</value>
         <object_component_ref idref="oc-80"/>
      </symbol>
      <symbol id="sm-410">
         <name>sendDevCaps</name>
         <value>0x2ac1</value>
         <object_component_ref idref="oc-80"/>
      </symbol>
      <symbol id="sm-411">
         <name>isSync</name>
         <value>0x292f</value>
         <object_component_ref idref="oc-80"/>
      </symbol>
      <symbol id="sm-412">
         <name>isJoinResponse</name>
         <value>0x2a13</value>
         <object_component_ref idref="oc-80"/>
      </symbol>
      <symbol id="sm-42e">
         <name>setSpi1Mode</name>
         <value>0x38df</value>
         <object_component_ref idref="oc-165"/>
      </symbol>
      <symbol id="sm-42f">
         <name>readSpi1Data</name>
         <value>0x3945</value>
         <object_component_ref idref="oc-165"/>
      </symbol>
      <symbol id="sm-430">
         <name>setSpi1BaudRate</name>
         <value>0x38a9</value>
         <object_component_ref idref="oc-165"/>
      </symbol>
      <symbol id="sm-431">
         <name>writeSpi1Data</name>
         <value>0x392d</value>
         <object_component_ref idref="oc-165"/>
      </symbol>
      <symbol id="sm-432">
         <name>initSpi1</name>
         <value>0x3811</value>
         <object_component_ref idref="oc-165"/>
      </symbol>
      <symbol id="sm-449">
         <name>startTimer0</name>
         <value>0x440d</value>
         <object_component_ref idref="oc-a4"/>
      </symbol>
      <symbol id="sm-44a">
         <name>stopTimer0</name>
         <value>0x4419</value>
         <object_component_ref idref="oc-a4"/>
      </symbol>
      <symbol id="sm-44b">
         <name>initTimer0</name>
         <value>0x43d5</value>
         <object_component_ref idref="oc-a4"/>
      </symbol>
      <symbol id="sm-44c">
         <name>clearTimer0InterruptFlag</name>
         <value>0x4435</value>
         <object_component_ref idref="oc-a4"/>
      </symbol>
      <symbol id="sm-44d">
         <name>setTimerLoadValue</name>
         <value>0x4425</value>
         <object_component_ref idref="oc-a4"/>
      </symbol>
      <symbol id="sm-469">
         <name>ResetISR</name>
         <value>0x4afb</value>
         <object_component_ref idref="oc-27"/>
      </symbol>
      <symbol id="sm-46a">
         <name>g_pfnVectors</name>
         <value>0x0</value>
         <object_component_ref idref="oc-12"/>
      </symbol>
      <symbol id="sm-493">
         <name>getcUart0</name>
         <value>0x37a5</value>
         <object_component_ref idref="oc-92"/>
      </symbol>
      <symbol id="sm-494">
         <name>kbhitUart0</name>
         <value>0x37b9</value>
         <object_component_ref idref="oc-92"/>
      </symbol>
      <symbol id="sm-495">
         <name>setUart0BaudRate</name>
         <value>0x3731</value>
         <object_component_ref idref="oc-92"/>
      </symbol>
      <symbol id="sm-496">
         <name>putsUart0</name>
         <value>0x3779</value>
         <object_component_ref idref="oc-92"/>
      </symbol>
      <symbol id="sm-497">
         <name>initUart0</name>
         <value>0x36a9</value>
         <object_component_ref idref="oc-92"/>
      </symbol>
      <symbol id="sm-498">
         <name>putcUart0</name>
         <value>0x375d</value>
         <object_component_ref idref="oc-92"/>
      </symbol>
      <symbol id="sm-4a7">
         <name>waitMicrosecond</name>
         <value>0x4a13</value>
         <object_component_ref idref="oc-86"/>
      </symbol>
      <symbol id="sm-4ce">
         <name>sprintf</name>
         <value>0x4931</value>
         <object_component_ref idref="oc-d2"/>
      </symbol>
      <symbol id="sm-4e9">
         <name>memcpy</name>
         <value>0x42a3</value>
         <object_component_ref idref="oc-47"/>
      </symbol>
      <symbol id="sm-4ea">
         <name>__aeabi_memcpy</name>
         <value>0x42a3</value>
         <object_component_ref idref="oc-47"/>
      </symbol>
      <symbol id="sm-4eb">
         <name>__aeabi_memcpy8</name>
         <value>0x42a3</value>
         <object_component_ref idref="oc-47"/>
      </symbol>
      <symbol id="sm-4ec">
         <name>__aeabi_memcpy4</name>
         <value>0x42a3</value>
         <object_component_ref idref="oc-47"/>
      </symbol>
      <symbol id="sm-500">
         <name>__TI_zero_init_nomemset</name>
         <value>0x4a37</value>
         <object_component_ref idref="oc-53"/>
      </symbol>
      <symbol id="sm-517">
         <name>__TI_decompress_none</name>
         <value>0x4aed</value>
         <object_component_ref idref="oc-1b"/>
      </symbol>
      <symbol id="sm-53a">
         <name>__TI_decompress_lzss</name>
         <value>0x4651</value>
         <object_component_ref idref="oc-15"/>
      </symbol>
      <symbol id="sm-54d">
         <name>__stack</name>
         <value>0x20000000</value>
         <object_component_ref idref="oc-24"/>
      </symbol>
      <symbol id="sm-54e">
         <name>_c_int00_noargs</name>
         <value>0x49b1</value>
         <object_component_ref idref="oc-65"/>
      </symbol>
      <symbol id="sm-6b3">
         <name>__TI_printfi</name>
         <value>0xd49</value>
         <object_component_ref idref="oc-184"/>
      </symbol>
      <symbol id="sm-6c2">
         <name>__aeabi_memset</name>
         <value>0x456b</value>
         <object_component_ref idref="oc-12e"/>
      </symbol>
      <symbol id="sm-6c3">
         <name>memset</name>
         <value>0x4571</value>
         <object_component_ref idref="oc-12e"/>
      </symbol>
      <symbol id="sm-6c4">
         <name>__aeabi_memset8</name>
         <value>0x456b</value>
         <object_component_ref idref="oc-12e"/>
      </symbol>
      <symbol id="sm-6c5">
         <name>__aeabi_memset4</name>
         <value>0x456b</value>
         <object_component_ref idref="oc-12e"/>
      </symbol>
      <symbol id="sm-6c6">
         <name>__aeabi_memclr8</name>
         <value>0x4569</value>
         <object_component_ref idref="oc-12e"/>
      </symbol>
      <symbol id="sm-6c7">
         <name>__aeabi_memclr4</name>
         <value>0x4569</value>
         <object_component_ref idref="oc-12e"/>
      </symbol>
      <symbol id="sm-6c8">
         <name>__aeabi_memclr</name>
         <value>0x4569</value>
         <object_component_ref idref="oc-12e"/>
      </symbol>
      <symbol id="sm-6df">
         <name>__aeabi_dsub</name>
         <value>0x34f1</value>
         <object_component_ref idref="oc-2b5"/>
      </symbol>
      <symbol id="sm-6e0">
         <name>__aeabi_dadd</name>
         <value>0x34fb</value>
         <object_component_ref idref="oc-2b5"/>
      </symbol>
      <symbol id="sm-702">
         <name>__aeabi_cdcmpeq</name>
         <value>0x445d</value>
         <object_component_ref idref="oc-227"/>
      </symbol>
      <symbol id="sm-703">
         <name>__aeabi_cdcmple</name>
         <value>0x445d</value>
         <object_component_ref idref="oc-227"/>
      </symbol>
      <symbol id="sm-704">
         <name>__aeabi_cdrcmple</name>
         <value>0x44e3</value>
         <object_component_ref idref="oc-2a0"/>
      </symbol>
      <symbol id="sm-718">
         <name>__aeabi_ddiv</name>
         <value>0x3aa9</value>
         <object_component_ref idref="oc-29b"/>
      </symbol>
      <symbol id="sm-723">
         <name>__aeabi_dmul</name>
         <value>0x403d</value>
         <object_component_ref idref="oc-296"/>
      </symbol>
      <symbol id="sm-72d">
         <name>__aeabi_d2iz</name>
         <value>0x4865</value>
         <object_component_ref idref="oc-2a5"/>
      </symbol>
      <symbol id="sm-737">
         <name>__aeabi_i2d</name>
         <value>0x49e5</value>
         <object_component_ref idref="oc-2b0"/>
      </symbol>
      <symbol id="sm-744">
         <name>__aeabi_uldivmod</name>
         <value>0x433f</value>
         <object_component_ref idref="oc-28f"/>
      </symbol>
      <symbol id="sm-76c">
         <name>__TI_auto_init_nobinit_nopinit</name>
         <value>0x48ad</value>
         <object_component_ref idref="oc-1d0"/>
      </symbol>
      <symbol id="sm-776">
         <name>_system_pre_init</name>
         <value>0x4b19</value>
         <object_component_ref idref="oc-134"/>
      </symbol>
      <symbol id="sm-782">
         <name>C$$EXIT</name>
         <value>0x4b1d</value>
         <object_component_ref idref="oc-1c4"/>
      </symbol>
      <symbol id="sm-783">
         <name>abort</name>
         <value>0x4b1d</value>
         <object_component_ref idref="oc-1c4"/>
      </symbol>
      <symbol id="sm-793">
         <name>__TI_ltoa</name>
         <value>0x4773</value>
         <object_component_ref idref="oc-2aa"/>
      </symbol>
      <symbol id="sm-7aa">
         <name>atoi</name>
         <value>0x4819</value>
         <object_component_ref idref="oc-21b"/>
      </symbol>
      <symbol id="sm-7b5">
         <name>_ctypes_</name>
         <value>0x4b20</value>
         <object_component_ref idref="oc-28a"/>
      </symbol>
      <symbol id="sm-7c5">
         <name>memccpy</name>
         <value>0x4a53</value>
         <object_component_ref idref="oc-244"/>
      </symbol>
      <symbol id="sm-7d5">
         <name>strchr</name>
         <value>0x4aa1</value>
         <object_component_ref idref="oc-2e1"/>
      </symbol>
      <symbol id="sm-7e3">
         <name>strlen</name>
         <value>0x4ab7</value>
         <object_component_ref idref="oc-215"/>
      </symbol>
      <symbol id="sm-7f9">
         <name>__aeabi_errno_addr</name>
         <value>0x4b11</value>
         <object_component_ref idref="oc-250"/>
      </symbol>
      <symbol id="sm-7fa">
         <name>errno</name>
         <value>0x20001290</value>
         <object_component_ref idref="oc-2f1"/>
      </symbol>
      <symbol id="sm-81a">
         <name>frexpl</name>
         <value>0x46b9</value>
         <object_component_ref idref="oc-2d5"/>
      </symbol>
      <symbol id="sm-81b">
         <name>frexp</name>
         <value>0x46b9</value>
         <object_component_ref idref="oc-2d5"/>
      </symbol>
      <symbol id="sm-838">
         <name>scalbn</name>
         <value>0x3e25</value>
         <object_component_ref idref="oc-2db"/>
      </symbol>
      <symbol id="sm-839">
         <name>scalbnl</name>
         <value>0x3e25</value>
         <object_component_ref idref="oc-2db"/>
      </symbol>
      <symbol id="sm-83a">
         <name>ldexpl</name>
         <value>0x3e25</value>
         <object_component_ref idref="oc-2db"/>
      </symbol>
      <symbol id="sm-83b">
         <name>ldexp</name>
         <value>0x3e25</value>
         <object_component_ref idref="oc-2db"/>
      </symbol>
      <symbol id="sm-854">
         <name>wcslen</name>
         <value>0x4acb</value>
         <object_component_ref idref="oc-24a"/>
      </symbol>
      <symbol id="sm-85e">
         <name>__aeabi_idiv0</name>
         <value>0x1797</value>
         <object_component_ref idref="oc-32f"/>
      </symbol>
      <symbol id="sm-85f">
         <name>__aeabi_ldiv0</name>
         <value>0x1797</value>
         <object_component_ref idref="oc-32f"/>
      </symbol>
      <symbol id="sm-869">
         <name>copysign</name>
         <value>0x4a6f</value>
         <object_component_ref idref="oc-348"/>
      </symbol>
      <symbol id="sm-86a">
         <name>copysignl</name>
         <value>0x4a6f</value>
         <object_component_ref idref="oc-348"/>
      </symbol>
      <symbol id="sm-86b">
         <name>__TI_static_base__</name>
         <value>0x0</value>
      </symbol>
      <symbol id="sm-86e">
         <name>__mpu_init</name>
         <value>0x0</value>
      </symbol>
      <symbol id="sm-86f">
         <name>_system_post_cinit</name>
         <value>0x0</value>
      </symbol>
   </symbol_table>
   <title>Link successful</title>
</link_info>
