******************************************************************************
                  TI ARM Linker Unix v20.2.1                   
******************************************************************************
>> Linked Wed Apr 28 18:50:11 2021

OUTPUT FILE NAME:   <Petfedder.out>
ENTRY POINT SYMBOL: "_c_int00_noargs"  address: 00004b05


MEMORY CONFIGURATION

         name            origin    length      used     unused   attr    fill
----------------------  --------  ---------  --------  --------  ----  --------
  FLASH                 00000000   00040000  00004dec  0003b214  R  X
  SRAM                  20000000   00008000  0000127c  00006d84  RW X


SEGMENT ALLOCATION MAP

run origin  load origin   length   init length attrs members
----------  ----------- ---------- ----------- ----- -------
00000000    00000000    00004df0   00004df0    r-x
  00000000    00000000    0000026c   0000026c    r-- .intvecs
  0000026c    0000026c    00004a08   00004a08    r-x .text
  00004c74    00004c74    00000128   00000128    r-- .const
  00004da0    00004da0    00000050   00000050    r-- .cinit
20000000    20000000    0000127c   00000000    rw-
  20000000    20000000    00001000   00000000    rw- .stack
  20001000    20001000    00000238   00000000    rw- .bss
  20001238    20001238    00000044   00000000    rw- .data


SECTION ALLOCATION MAP

 output                                  attributes/
section   page    origin      length       input sections
--------  ----  ----------  ----------   ----------------
.intvecs   0    00000000    0000026c     
                  00000000    0000026c     tm4c123gh6pm_startup_ccs.obj (.intvecs)

.text      0    0000026c    00004a08     
                  0000026c    00000bd4     network.obj (.text)
                  00000e40    00000a4e     rtsv7M4_T_le_v4SPD16_eabi.lib : _printfi.c.obj (.text:__TI_printfi)
                  0000188e    00000002                                   : div0.asm.obj (.text)
                  00001890    000007c0     gpio.obj (.text)
                  00002050    00000548     main.obj (.text)
                  00002598    000004ae     common_terminal_interface.obj (.text)
                  00002a46    00000478     protocol.obj (.text)
                  00002ebe    00000002     --HOLE-- [fill = 0]
                  00002ec0    00000344     nrf24l01.obj (.text)
                  00003204    00000270     rtsv7M4_T_le_v4SPD16_eabi.lib : _printfi.c.obj (.text:_pconv_a)
                  00003474    000001d0                                   : _printfi.c.obj (.text:_pconv_g)
                  00003644    000001b6                                   : fd_add_t2.asm.obj (.text)
                  000037fa    00000002     --HOLE-- [fill = 0]
                  000037fc    00000168     uart0.obj (.text)
                  00003964    0000015c     spi1.obj (.text)
                  00003ac0    0000013c     rtsv7M4_T_le_v4SPD16_eabi.lib : _printfi.c.obj (.text:_pconv_e)
                  00003bfc    00000136                                   : fd_div_t2.asm.obj (.text)
                  00003d32    00000002     --HOLE-- [fill = 0]
                  00003d34    00000124                                   : _printfi.c.obj (.text:fcvt)
                  00003e58    00000120     device.obj (.text)
                  00003f78    00000110     rtsv7M4_T_le_v4SPD16_eabi.lib : s_scalbn.c.obj (.text:scalbn)
                  00004088    00000108     messageQueue.obj (.text)
                  00004190    000000fc     rtsv7M4_T_le_v4SPD16_eabi.lib : fd_mul_t2.asm.obj (.text)
                  0000428c    000000b8     eeprom.obj (.text)
                  00004344    000000b1     rtsv7M4_T_le_v4SPD16_eabi.lib : _printfi.c.obj (.text:_ltostr)
                  000043f5    00000001     --HOLE-- [fill = 0]
                  000043f6    0000009c                                   : memcpy_t2.asm.obj (.text)
                  00004492    00000096                                   : ull_div_t2.asm.obj (.text)
                  00004528    00000088     timer0.obj (.text)
                  000045b0    00000086     rtsv7M4_T_le_v4SPD16_eabi.lib : fd_cmp_t2.asm.obj (.text:__aeabi_cdcmple)
                  00004636    00000086                                   : fd_cmp_t2.asm.obj (.text:__aeabi_cdrcmple)
                  000046bc    0000007a                                   : memset_t2.asm.obj (.text)
                  00004736    0000006e                                   : _printfi.c.obj (.text:_mcpy)
                  000047a4    00000068                                   : copy_decompress_lzss.c.obj (.text:decompress:lzss:__TI_decompress_lzss)
                  0000480c    00000064                                   : s_frexp.c.obj (.text:frexp)
                  00004870    00000056                                   : _printfi.c.obj (.text:_pconv_f)
                  000048c6    00000054                                   : _ltoa.c.obj (.text:__TI_ltoa)
                  0000491a    00000052                                   : _printfi.c.obj (.text:_ecpy)
                  0000496c    0000004c                                   : atoi.c.obj (.text:atoi)
                  000049b8    00000048                                   : fd_toi_t2.asm.obj (.text)
                  00004a00    00000044                                   : autoinit.c.obj (.text:__TI_auto_init_nobinit_nopinit:__TI_auto_init_nobinit_nopinit)
                  00004a44    00000040     joinNetwork.obj (.text)
                  00004a84    00000040     rtsv7M4_T_le_v4SPD16_eabi.lib : sprintf.c.obj (.text:sprintf)
                  00004ac4    0000003e                                   : _printfi.c.obj (.text:_fcpy)
                  00004b02    00000002     --HOLE-- [fill = 0]
                  00004b04    00000034                                   : boot_cortex_m.c.obj (.text:_c_int00_noargs:_c_int00_noargs)
                  00004b38    0000002e                                   : i_tofd_t2.asm.obj (.text)
                  00004b66    00000024     wait.obj (.text)
                  00004b8a    0000001c     rtsv7M4_T_le_v4SPD16_eabi.lib : copy_zero_init.c.obj (.text:decompress:ZI:__TI_zero_init_nomemset:__TI_zero_init_nomemset)
                  00004ba6    0000001c                                   : memccpy.c.obj (.text:memccpy)
                  00004bc2    0000001a                                   : s_copysign.c.obj (.text:copysign)
                  00004bdc    00000018                                   : sprintf.c.obj (.text:_outs)
                  00004bf4    00000016                                   : strchr.c.obj (.text:strchr)
                  00004c0a    00000014                                   : strlen.c.obj (.text:strlen)
                  00004c1e    00000012                                   : wcslen.c.obj (.text:wcslen)
                  00004c30    00000010     clock.obj (.text)
                  00004c40    0000000e     rtsv7M4_T_le_v4SPD16_eabi.lib : copy_decompress_none.c.obj (.text:decompress:none:__TI_decompress_none)
                  00004c4e    0000000c     tm4c123gh6pm_startup_ccs.obj (.text)
                  00004c5a    0000000a     rtsv7M4_T_le_v4SPD16_eabi.lib : sprintf.c.obj (.text:_outc)
                  00004c64    00000008                                   : errno.c.obj (.text:__aeabi_errno_addr)
                  00004c6c    00000004                                   : pre_init.c.obj (.text:_system_pre_init)
                  00004c70    00000004                                   : exit.c.obj (.text:abort:abort)

.const     0    00004c74    00000128     
                  00004c74    00000101     rtsv7M4_T_le_v4SPD16_eabi.lib : ctype.c.obj (.const:.string:_ctypes_)
                  00004d75    00000002     network.obj (.const:$P$T0$1)
                  00004d77    00000001     --HOLE-- [fill = 0]
                  00004d78    00000016     network.obj (.const:.string)
                  00004d8e    00000002     network.obj (.const:$P$T1$2)
                  00004d90    00000002     network.obj (.const:$P$T2$3)
                  00004d92    00000002     network.obj (.const:$P$T3$4)
                  00004d94    00000002     network.obj (.const:$P$T4$5)
                  00004d96    00000002     network.obj (.const:$P$T5$6)
                  00004d98    00000002     network.obj (.const:$P$T6$7)
                  00004d9a    00000002     network.obj (.const:$P$T7$8)

.cinit     0    00004da0    00000050     
                  00004da0    00000029     (.cinit..data.load) [load image, compression = lzss]
                  00004dc9    00000003     --HOLE-- [fill = 0]
                  00004dcc    0000000c     (__TI_handler_table)
                  00004dd8    00000008     (.cinit..bss.load) [load image, compression = zero_init]
                  00004de0    00000010     (__TI_cinit_table)

.init_array 
*          0    00000000    00000000     UNINITIALIZED

.bss       0    20001000    00000238     UNINITIALIZED
                  20001000    00000080     (.common:devCapsData)
                  20001080    00000080     (.common:deviceDataBuffer)
                  20001100    00000080     (.common:out)
                  20001180    00000080     (.common:packet)
                  20001200    00000014     (.common:bindTable)
                  20001214    00000014     (.common:messageQueue)
                  20001228    0000000c     (.common:devices)
                  20001234    00000004     (.common:pushDataReceiveCallback)

.data      0    20001238    00000044     UNINITIALIZED
                  20001238    00000010     network.obj (.data:slottedTimes)
                  20001248    0000000d     network.obj (.data)
                  20001255    00000003     network.obj (.data:topicIds)
                  20001258    0000000c     main.obj (.data)
                  20001264    0000000c     network.obj (.data:topicNames)
                  20001270    00000004     device.obj (.data)
                  20001274    00000004     rtsv7M4_T_le_v4SPD16_eabi.lib : errno.c.obj (.data)
                  20001278    00000002     common_terminal_interface.obj (.data)
                  2000127a    00000002     messageQueue.obj (.data)

.stack     0    20000000    00001000     UNINITIALIZED
                  20000000    00000004     rtsv7M4_T_le_v4SPD16_eabi.lib : boot_cortex_m.c.obj (.stack)
                  20000004    00000ffc     --HOLE--

__llvm_prf_cnts 
*          0    20000000    00000000     UNINITIALIZED

MODULE SUMMARY

       Module                          code    ro data   rw data
       ------                          ----    -------   -------
    ./
       network.obj                     3028    38        580    
       gpio.obj                        1984    0         0      
       main.obj                        1352    0         12     
       common_terminal_interface.obj   1198    0         2      
       protocol.obj                    1144    0         0      
       nrf24l01.obj                    836     0         0      
       tm4c123gh6pm_startup_ccs.obj    12      620       0      
       uart0.obj                       360     0         0      
       spi1.obj                        348     0         0      
       device.obj                      288     0         16     
       messageQueue.obj                264     0         22     
       eeprom.obj                      184     0         0      
       timer0.obj                      136     0         0      
       joinNetwork.obj                 64      0         0      
       wait.obj                        36      0         0      
       clock.obj                       16      0         0      
    +--+-------------------------------+-------+---------+---------+
       Total:                          11250   658       632    
                                                                
    /Applications/ti/ccs1011/ccs/tools/compiler/ti-cgt-arm_20.2.1.LTS/lib/rtsv7M4_T_le_v4SPD16_eabi.lib
       _printfi.c.obj                  4851    0         0      
       fd_add_t2.asm.obj               438     0         0      
       fd_div_t2.asm.obj               310     0         0      
       s_scalbn.c.obj                  272     0         0      
       fd_cmp_t2.asm.obj               268     0         0      
       ctype.c.obj                     0       257       0      
       fd_mul_t2.asm.obj               252     0         0      
       memcpy_t2.asm.obj               156     0         0      
       ull_div_t2.asm.obj              150     0         0      
       memset_t2.asm.obj               122     0         0      
       copy_decompress_lzss.c.obj      104     0         0      
       s_frexp.c.obj                   100     0         0      
       sprintf.c.obj                   98      0         0      
       _ltoa.c.obj                     84      0         0      
       atoi.c.obj                      76      0         0      
       fd_toi_t2.asm.obj               72      0         0      
       autoinit.c.obj                  68      0         0      
       boot_cortex_m.c.obj             52      0         0      
       i_tofd_t2.asm.obj               46      0         0      
       copy_zero_init.c.obj            28      0         0      
       memccpy.c.obj                   28      0         0      
       s_copysign.c.obj                26      0         0      
       strchr.c.obj                    22      0         0      
       strlen.c.obj                    20      0         0      
       wcslen.c.obj                    18      0         0      
       copy_decompress_none.c.obj      14      0         0      
       errno.c.obj                     8       0         4      
       exit.c.obj                      4       0         0      
       pre_init.c.obj                  4       0         0      
       div0.asm.obj                    2       0         0      
    +--+-------------------------------+-------+---------+---------+
       Total:                          7693    257       4      
                                                                
       Stack:                          0       0         4096   
       Linker Generated:               0       77        0      
    +--+-------------------------------+-------+---------+---------+
       Grand Total:                    18943   992       4732   


LINKER GENERATED COPY TABLES

__TI_cinit_table @ 00004de0 records: 2, size/record: 8, table size: 16
	.data: load addr=00004da0, load size=00000029 bytes, run addr=20001238, run size=00000044 bytes, compression=lzss
	.bss: load addr=00004dd8, load size=00000008 bytes, run addr=20001000, run size=00000238 bytes, compression=zero_init


LINKER GENERATED HANDLER TABLE

__TI_handler_table @ 00004dcc records: 3, size/record: 4, table size: 12
	index: 0, handler: __TI_decompress_lzss
	index: 1, handler: __TI_decompress_none
	index: 2, handler: __TI_zero_init


GLOBAL SYMBOLS: SORTED ALPHABETICALLY BY Name 

address   name                          
-------   ----                          
00004c71  C$$EXIT                       
000021e5  EchoISR                       
00004c4f  ResetISR                      
000022e7  Timer1ISR                     
20001000  __STACK_END                   
00001000  __STACK_SIZE                  
20000200  __STACK_TOP                   
00004de0  __TI_CINIT_Base               
00004df0  __TI_CINIT_Limit              
00004dcc  __TI_Handler_Table_Base       
00004dd8  __TI_Handler_Table_Limit      
00004a01  __TI_auto_init_nobinit_nopinit
000047a5  __TI_decompress_lzss          
00004c41  __TI_decompress_none          
000048c7  __TI_ltoa                     
ffffffff  __TI_pprof_out_hndl           
00000e41  __TI_printfi                  
ffffffff  __TI_prof_data_size           
ffffffff  __TI_prof_data_start          
00000000  __TI_static_base__            
00004b8b  __TI_zero_init_nomemset       
000045b1  __aeabi_cdcmpeq               
000045b1  __aeabi_cdcmple               
00004637  __aeabi_cdrcmple              
000049b9  __aeabi_d2iz                  
0000364f  __aeabi_dadd                  
00003bfd  __aeabi_ddiv                  
00004191  __aeabi_dmul                  
00003645  __aeabi_dsub                  
00004c65  __aeabi_errno_addr            
00004b39  __aeabi_i2d                   
0000188f  __aeabi_idiv0                 
0000188f  __aeabi_ldiv0                 
000046bd  __aeabi_memclr                
000046bd  __aeabi_memclr4               
000046bd  __aeabi_memclr8               
000043f7  __aeabi_memcpy                
000043f7  __aeabi_memcpy4               
000043f7  __aeabi_memcpy8               
000046bf  __aeabi_memset                
000046bf  __aeabi_memset4               
000046bf  __aeabi_memset8               
00004493  __aeabi_uldivmod              
ffffffff  __binit__                     
ffffffff  __c_args__                    
UNDEFED   __mpu_init                    
20000000  __stack                       
20000000  __start___llvm_prf_cnts       
20000000  __stop___llvm_prf_cnts        
00004b05  _c_int00_noargs               
00004c74  _ctypes_                      
UNDEFED   _system_post_cinit            
00004c6d  _system_pre_init              
00004c71  abort                         
2000124a  accessSlot                    
00003f31  addDevice                     
00002b93  assembleDevCaps               
00003ec1  assignDeviceSlot              
0000496d  atoi                          
20001249  backoffCounter                
20001254  bindIndex                     
20001200  bindTable                     
ffffffff  binit                         
2000124d  bridgeMode                    
000004c5  bridgeReceivePushData         
00002ecf  chipDisable                   
00002ec1  chipEnable                    
00004589  clearTimer0InterruptFlag      
0000079d  commsReceive                  
00004bc3  copysign                      
00004bc3  copysignl                     
2000125c  count                         
20001273  currentDeviceTimeSlot         
2000124f  dataReceivedIndex             
20001000  devCapsData                   
20001080  deviceDataBuffer              
20001252  deviceDataLength              
00003f09  deviceExists                  
20001270  deviceId                      
20001271  deviceIndex                   
00003ec9  deviceSlotIsAssigned          
20001228  devices                       
00001ec1  disablePinInterrupt           
00001bf9  disablePinPulldown            
00001bb1  disablePinPullup              
0000194d  disablePort                   
20001260  distance                      
00001e9d  enablePinInterrupt            
00001bd5  enablePinPulldown             
00001b83  enablePinPullup               
00001891  enablePort                    
20001274  errno                         
0000480d  frexp                         
0000480d  frexpl                        
00000000  g_pfnVectors                  
00003ea7  getCurrentTimeSlot            
00003e6d  getDeviceId                   
00003f55  getDeviceIndex                
00003ead  getDeviceTimeSlot             
00002941  getFieldInteger               
000029b5  getFieldString                
00000553  getMode                       
00003e73  getNewDeviceId                
00001f0b  getPinValue                   
00001fc1  getPortValue                  
00003e85  getTimeSlot                   
000038f9  getcUart0                     
00002599  getsUart0                     
2000124e  globalOffset                  
2000127a  head                          
00003f5b  incrementDeviceIndex          
00002075  initCurrentDevice             
00003ecf  initDevices                   
0000428d  initEeprom                    
0000026d  initHw                        
00004a45  initJoinNetwork               
000022f7  initMotor                     
000005b9  initNetwork                   
000030b1  initNrf24l01                  
0000213b  initPWMwater                  
0000028f  initPushButton                
00003965  initSpi1                      
00004c31  initSystemClockTo40Mhz        
00004529  initTimer0                    
00002337  initTimer2                    
000037fd  initUart0                     
000020af  initpetHw                     
20001279  isCarriageReturn              
00002911  isCommand                     
00002ceb  isDevCaps                     
00002af1  isJoinRequest                 
00002b67  isJoinResponse                
00002d73  isPingRequest                 
00002de1  isPingResponse                
20001253  isPressed                     
00002e8b  isPushData                    
00002a83  isSync                        
00004a5f  joinNetwork                   
2000124b  joinPressed                   
0000390d  kbhitUart0                    
00003f79  ldexp                         
00003f79  ldexpl                        
2000124c  letJoin                       
000024b9  main                          
00004ba7  memccpy                       
000043f7  memcpy                        
000046c5  memset                        
20001214  messageQueue                  
00002317  motorOff                      
00002309  motorOn                       
00002451  opencontainer                 
20001100  out                           
20001180  packet                        
0000274b  parseField                    
00002365  playLowContainer              
0000413d  pop                           
00002629  printUint8InDecimal           
000026a9  printUint8InHex               
000040fb  push                          
00002e0d  pushData                      
20001234  pushDataReceiveCallback       
000038b1  putcUart0                     
000038cd  putsUart0                     
000040c5  qEmpty                        
00004089  qFull                         
000042d5  readEeprom                    
00003a99  readSpi1Data                  
00002051  receiveData                   
20001251  receivedBridgeAddress         
20001250  receivedDevCap                
00000539  registerPushDataCallback      
00002edd  rfCsOff                       
00002ef3  rfCsOn                        
000030db  rfIsDataAvailable             
00002f65  rfReadIntoBuffer              
00002f31  rfReadRegister                
000030f5  rfReceiveBuffer               
00003177  rfSendBuffer                  
00002fbd  rfSetAddress                  
00003023  rfSetFrequency                
0000303d  rfSetMode                     
00002f01  rfWriteRegister               
00003f79  scalbn                        
00003f79  scalbnl                       
00001ab7  selectPinAnalogInput          
00001a69  selectPinDigitalInput         
00001dd3  selectPinInterruptBothEdges   
00001d83  selectPinInterruptFallingEdge 
00001e29  selectPinInterruptHighLevel   
00001e63  selectPinInterruptLowLevel    
00001d33  selectPinInterruptRisingEdge  
00001a1b  selectPinOpenDrainOutput      
000019cd  selectPinPushPullOutput       
00002c15  sendDevCaps                   
00002aaf  sendJoinRequest               
00002b15  sendJoinResponse              
00002d37  sendPingRequest               
00002d9f  sendPingResponse              
00002a47  sendSync                      
00003e93  setCurrentTimeSlot            
00003e59  setDeviceId                   
00001c21  setPinAuxFunction             
00001b07  setPinCommitControl           
00001ee5  setPinValue                   
00001f3d  setPortValue                  
000039fd  setSpi1BaudRate               
00003a33  setSpi1Mode                   
00004579  setTimerLoadValue             
00003885  setUart0BaudRate              
20001272  slotAssigned                  
20001238  slottedTimes                  
00004a85  sprintf                       
00004561  startTimer0                   
0000456d  stopTimer0                    
000029fd  strCpy                        
00004bf5  strchr                        
000028a1  stringCompare                 
00004c0b  strlen                        
2000127b  tail                          
20001248  timeIndex                     
20001258  timer                         
000002b1  timer0Isr                     
00002325  timer2Isr                     
00000549  tmp                           
20001255  topicIds                      
20001264  topicNames                    
000023c5  triggerUltraSonicSensor       
00004b67  waitMicrosecond               
00004c1f  wcslen                        
000042fb  writeDeviceMetaData           
000042a3  writeEeprom                   
00003a81  writeSpi1Data                 


GLOBAL SYMBOLS: SORTED BY Symbol Address 

address   name                          
-------   ----                          
00000000  __TI_static_base__            
00000000  g_pfnVectors                  
0000026d  initHw                        
0000028f  initPushButton                
000002b1  timer0Isr                     
000004c5  bridgeReceivePushData         
00000539  registerPushDataCallback      
00000549  tmp                           
00000553  getMode                       
000005b9  initNetwork                   
0000079d  commsReceive                  
00000e41  __TI_printfi                  
00001000  __STACK_SIZE                  
0000188f  __aeabi_idiv0                 
0000188f  __aeabi_ldiv0                 
00001891  enablePort                    
0000194d  disablePort                   
000019cd  selectPinPushPullOutput       
00001a1b  selectPinOpenDrainOutput      
00001a69  selectPinDigitalInput         
00001ab7  selectPinAnalogInput          
00001b07  setPinCommitControl           
00001b83  enablePinPullup               
00001bb1  disablePinPullup              
00001bd5  enablePinPulldown             
00001bf9  disablePinPulldown            
00001c21  setPinAuxFunction             
00001d33  selectPinInterruptRisingEdge  
00001d83  selectPinInterruptFallingEdge 
00001dd3  selectPinInterruptBothEdges   
00001e29  selectPinInterruptHighLevel   
00001e63  selectPinInterruptLowLevel    
00001e9d  enablePinInterrupt            
00001ec1  disablePinInterrupt           
00001ee5  setPinValue                   
00001f0b  getPinValue                   
00001f3d  setPortValue                  
00001fc1  getPortValue                  
00002051  receiveData                   
00002075  initCurrentDevice             
000020af  initpetHw                     
0000213b  initPWMwater                  
000021e5  EchoISR                       
000022e7  Timer1ISR                     
000022f7  initMotor                     
00002309  motorOn                       
00002317  motorOff                      
00002325  timer2Isr                     
00002337  initTimer2                    
00002365  playLowContainer              
000023c5  triggerUltraSonicSensor       
00002451  opencontainer                 
000024b9  main                          
00002599  getsUart0                     
00002629  printUint8InDecimal           
000026a9  printUint8InHex               
0000274b  parseField                    
000028a1  stringCompare                 
00002911  isCommand                     
00002941  getFieldInteger               
000029b5  getFieldString                
000029fd  strCpy                        
00002a47  sendSync                      
00002a83  isSync                        
00002aaf  sendJoinRequest               
00002af1  isJoinRequest                 
00002b15  sendJoinResponse              
00002b67  isJoinResponse                
00002b93  assembleDevCaps               
00002c15  sendDevCaps                   
00002ceb  isDevCaps                     
00002d37  sendPingRequest               
00002d73  isPingRequest                 
00002d9f  sendPingResponse              
00002de1  isPingResponse                
00002e0d  pushData                      
00002e8b  isPushData                    
00002ec1  chipEnable                    
00002ecf  chipDisable                   
00002edd  rfCsOff                       
00002ef3  rfCsOn                        
00002f01  rfWriteRegister               
00002f31  rfReadRegister                
00002f65  rfReadIntoBuffer              
00002fbd  rfSetAddress                  
00003023  rfSetFrequency                
0000303d  rfSetMode                     
000030b1  initNrf24l01                  
000030db  rfIsDataAvailable             
000030f5  rfReceiveBuffer               
00003177  rfSendBuffer                  
00003645  __aeabi_dsub                  
0000364f  __aeabi_dadd                  
000037fd  initUart0                     
00003885  setUart0BaudRate              
000038b1  putcUart0                     
000038cd  putsUart0                     
000038f9  getcUart0                     
0000390d  kbhitUart0                    
00003965  initSpi1                      
000039fd  setSpi1BaudRate               
00003a33  setSpi1Mode                   
00003a81  writeSpi1Data                 
00003a99  readSpi1Data                  
00003bfd  __aeabi_ddiv                  
00003e59  setDeviceId                   
00003e6d  getDeviceId                   
00003e73  getNewDeviceId                
00003e85  getTimeSlot                   
00003e93  setCurrentTimeSlot            
00003ea7  getCurrentTimeSlot            
00003ead  getDeviceTimeSlot             
00003ec1  assignDeviceSlot              
00003ec9  deviceSlotIsAssigned          
00003ecf  initDevices                   
00003f09  deviceExists                  
00003f31  addDevice                     
00003f55  getDeviceIndex                
00003f5b  incrementDeviceIndex          
00003f79  ldexp                         
00003f79  ldexpl                        
00003f79  scalbn                        
00003f79  scalbnl                       
00004089  qFull                         
000040c5  qEmpty                        
000040fb  push                          
0000413d  pop                           
00004191  __aeabi_dmul                  
0000428d  initEeprom                    
000042a3  writeEeprom                   
000042d5  readEeprom                    
000042fb  writeDeviceMetaData           
000043f7  __aeabi_memcpy                
000043f7  __aeabi_memcpy4               
000043f7  __aeabi_memcpy8               
000043f7  memcpy                        
00004493  __aeabi_uldivmod              
00004529  initTimer0                    
00004561  startTimer0                   
0000456d  stopTimer0                    
00004579  setTimerLoadValue             
00004589  clearTimer0InterruptFlag      
000045b1  __aeabi_cdcmpeq               
000045b1  __aeabi_cdcmple               
00004637  __aeabi_cdrcmple              
000046bd  __aeabi_memclr                
000046bd  __aeabi_memclr4               
000046bd  __aeabi_memclr8               
000046bf  __aeabi_memset                
000046bf  __aeabi_memset4               
000046bf  __aeabi_memset8               
000046c5  memset                        
000047a5  __TI_decompress_lzss          
0000480d  frexp                         
0000480d  frexpl                        
000048c7  __TI_ltoa                     
0000496d  atoi                          
000049b9  __aeabi_d2iz                  
00004a01  __TI_auto_init_nobinit_nopinit
00004a45  initJoinNetwork               
00004a5f  joinNetwork                   
00004a85  sprintf                       
00004b05  _c_int00_noargs               
00004b39  __aeabi_i2d                   
00004b67  waitMicrosecond               
00004b8b  __TI_zero_init_nomemset       
00004ba7  memccpy                       
00004bc3  copysign                      
00004bc3  copysignl                     
00004bf5  strchr                        
00004c0b  strlen                        
00004c1f  wcslen                        
00004c31  initSystemClockTo40Mhz        
00004c41  __TI_decompress_none          
00004c4f  ResetISR                      
00004c65  __aeabi_errno_addr            
00004c6d  _system_pre_init              
00004c71  C$$EXIT                       
00004c71  abort                         
00004c74  _ctypes_                      
00004dcc  __TI_Handler_Table_Base       
00004dd8  __TI_Handler_Table_Limit      
00004de0  __TI_CINIT_Base               
00004df0  __TI_CINIT_Limit              
20000000  __stack                       
20000000  __start___llvm_prf_cnts       
20000000  __stop___llvm_prf_cnts        
20000200  __STACK_TOP                   
20001000  __STACK_END                   
20001000  devCapsData                   
20001080  deviceDataBuffer              
20001100  out                           
20001180  packet                        
20001200  bindTable                     
20001214  messageQueue                  
20001228  devices                       
20001234  pushDataReceiveCallback       
20001238  slottedTimes                  
20001248  timeIndex                     
20001249  backoffCounter                
2000124a  accessSlot                    
2000124b  joinPressed                   
2000124c  letJoin                       
2000124d  bridgeMode                    
2000124e  globalOffset                  
2000124f  dataReceivedIndex             
20001250  receivedDevCap                
20001251  receivedBridgeAddress         
20001252  deviceDataLength              
20001253  isPressed                     
20001254  bindIndex                     
20001255  topicIds                      
20001258  timer                         
2000125c  count                         
20001260  distance                      
20001264  topicNames                    
20001270  deviceId                      
20001271  deviceIndex                   
20001272  slotAssigned                  
20001273  currentDeviceTimeSlot         
20001274  errno                         
20001279  isCarriageReturn              
2000127a  head                          
2000127b  tail                          
ffffffff  __TI_pprof_out_hndl           
ffffffff  __TI_prof_data_size           
ffffffff  __TI_prof_data_start          
ffffffff  __binit__                     
ffffffff  __c_args__                    
ffffffff  binit                         
UNDEFED   __mpu_init                    
UNDEFED   _system_post_cinit            

[232 symbols]
